Component: ARM Compiler 5.06 update 7 (build 960) Tool: armlink [4d3601]

==============================================================================

Section Cross References

    startup_stm32f103xb.o(RESET) refers to startup_stm32f103xb.o(STACK) for __initial_sp
    startup_stm32f103xb.o(RESET) refers to startup_stm32f103xb.o(.text) for Reset_Handler
    startup_stm32f103xb.o(RESET) refers to stm32f1xx_it.o(i.NMI_Handler) for NMI_Handler
    startup_stm32f103xb.o(RESET) refers to stm32f1xx_it.o(i.HardFault_Handler) for HardFault_Handler
    startup_stm32f103xb.o(RESET) refers to stm32f1xx_it.o(i.MemManage_Handler) for MemManage_Handler
    startup_stm32f103xb.o(RESET) refers to stm32f1xx_it.o(i.BusFault_Handler) for BusFault_Handler
    startup_stm32f103xb.o(RESET) refers to stm32f1xx_it.o(i.UsageFault_Handler) for UsageFault_Handler
    startup_stm32f103xb.o(RESET) refers to port.o(.emb_text) for SVC_Handler
    startup_stm32f103xb.o(RESET) refers to stm32f1xx_it.o(i.DebugMon_Handler) for DebugMon_Handler
    startup_stm32f103xb.o(RESET) refers to port.o(i.SysTick_Handler) for SysTick_Handler
    startup_stm32f103xb.o(RESET) refers to stm32f1xx_it.o(i.DMA1_Channel4_IRQHandler) for DMA1_Channel4_IRQHandler
    startup_stm32f103xb.o(RESET) refers to stm32f1xx_it.o(i.DMA1_Channel5_IRQHandler) for DMA1_Channel5_IRQHandler
    startup_stm32f103xb.o(RESET) refers to stm32f1xx_it.o(i.DMA1_Channel6_IRQHandler) for DMA1_Channel6_IRQHandler
    startup_stm32f103xb.o(RESET) refers to stm32f1xx_it.o(i.DMA1_Channel7_IRQHandler) for DMA1_Channel7_IRQHandler
    startup_stm32f103xb.o(RESET) refers to stm32f1xx_it.o(i.TIM1_UP_IRQHandler) for TIM1_UP_IRQHandler
    startup_stm32f103xb.o(RESET) refers to stm32f1xx_it.o(i.TIM2_IRQHandler) for TIM2_IRQHandler
    startup_stm32f103xb.o(RESET) refers to stm32f1xx_it.o(i.TIM3_IRQHandler) for TIM3_IRQHandler
    startup_stm32f103xb.o(RESET) refers to stm32f1xx_it.o(i.USART1_IRQHandler) for USART1_IRQHandler
    startup_stm32f103xb.o(RESET) refers to stm32f1xx_it.o(i.USART2_IRQHandler) for USART2_IRQHandler
    startup_stm32f103xb.o(.text) refers to system_stm32f1xx.o(i.SystemInit) for SystemInit
    startup_stm32f103xb.o(.text) refers to entry.o(.ARM.Collect$$$$00000000) for __main
    main.o(i.HAL_TIM_PeriodElapsedCallback) refers to stm32f1xx_hal.o(i.HAL_IncTick) for HAL_IncTick
    main.o(i.SystemClock_Config) refers to memseta.o(.text) for __aeabi_memclr4
    main.o(i.SystemClock_Config) refers to stm32f1xx_hal_rcc.o(i.HAL_RCC_OscConfig) for HAL_RCC_OscConfig
    main.o(i.SystemClock_Config) refers to stm32f1xx_hal_rcc.o(i.HAL_RCC_ClockConfig) for HAL_RCC_ClockConfig
    main.o(i.fgetc) refers to stm32f1xx_hal_uart.o(i.HAL_UART_Receive) for HAL_UART_Receive
    main.o(i.fgetc) refers to usart.o(.bss) for huart1
    main.o(i.fputc) refers to stm32f1xx_hal_uart.o(i.HAL_UART_Transmit) for HAL_UART_Transmit
    main.o(i.fputc) refers to usart.o(.bss) for huart1
    main.o(i.func) refers to printfa.o(i.__0printf) for __2printf
    main.o(i.main) refers to stm32f1xx_hal.o(i.HAL_Init) for HAL_Init
    main.o(i.main) refers to main.o(i.SystemClock_Config) for SystemClock_Config
    main.o(i.main) refers to gpio.o(i.MX_GPIO_Init) for MX_GPIO_Init
    main.o(i.main) refers to dma.o(i.MX_DMA_Init) for MX_DMA_Init
    main.o(i.main) refers to i2c.o(i.MX_I2C1_Init) for MX_I2C1_Init
    main.o(i.main) refers to i2c.o(i.MX_I2C2_Init) for MX_I2C2_Init
    main.o(i.main) refers to spi.o(i.MX_SPI1_Init) for MX_SPI1_Init
    main.o(i.main) refers to spi.o(i.MX_SPI2_Init) for MX_SPI2_Init
    main.o(i.main) refers to tim.o(i.MX_TIM2_Init) for MX_TIM2_Init
    main.o(i.main) refers to tim.o(i.MX_TIM3_Init) for MX_TIM3_Init
    main.o(i.main) refers to usart.o(i.MX_USART1_UART_Init) for MX_USART1_UART_Init
    main.o(i.main) refers to usart.o(i.MX_USART2_UART_Init) for MX_USART2_UART_Init
    main.o(i.main) refers to crc.o(i.MX_CRC_Init) for MX_CRC_Init
    main.o(i.main) refers to shell_port.o(i.ShellInit) for ShellInit
    main.o(i.main) refers to tasks.o(i.xTaskCreate) for xTaskCreate
    main.o(i.main) refers to freertos.o(i.MX_FREERTOS_Init) for MX_FREERTOS_Init
    main.o(i.main) refers to cmsis_os.o(i.osKernelStart) for osKernelStart
    main.o(i.main) refers to main.o(.data) for .data
    main.o(i.main) refers to main.o(i.vTaskTaskUserIF) for vTaskTaskUserIF
    main.o(i.vTaskTaskUserIF) refers to tasks.o(i.vTaskDelay) for vTaskDelay
    main.o(i.vTaskTaskUserIF) refers to main.o(.data) for .data
    main.o(shellCommand) refers to main.o(.constdata) for shellCmdtemp
    main.o(shellCommand) refers to main.o(.data) for temp
    main.o(shellCommand) refers to main.o(.constdata) for shellDesctemp
    main.o(shellCommand) refers to main.o(.constdata) for shellCmdfunc
    main.o(shellCommand) refers to main.o(i.func) for func
    main.o(shellCommand) refers to main.o(.constdata) for shellDescfunc
[...]
    EXTI3_IRQHandler                         0x080001b7   Thumb Code     0  startup_stm32f103xb.o(.text)
    EXTI4_IRQHandler                         0x080001b7   Thumb Code     0  startup_stm32f103xb.o(.text)
    EXTI9_5_IRQHandler                       0x080001b7   Thumb Code     0  startup_stm32f103xb.o(.text)
    FLASH_IRQHandler                         0x080001b7   Thumb Code     0  startup_stm32f103xb.o(.text)
    I2C1_ER_IRQHandler                       0x080001b7   Thumb Code     0  startup_stm32f103xb.o(.text)
    I2C1_EV_IRQHandler                       0x080001b7   Thumb Code     0  startup_stm32f103xb.o(.text)
    I2C2_ER_IRQHandler                       0x080001b7   Thumb Code     0  startup_stm32f103xb.o(.text)
    I2C2_EV_IRQHandler                       0x080001b7   Thumb Code     0  startup_stm32f103xb.o(.text)
    PVD_IRQHandler                           0x080001b7   Thumb Code     0  startup_stm32f103xb.o(.text)
    RCC_IRQHandler                           0x080001b7   Thumb Code     0  startup_stm32f103xb.o(.text)
    RTC_Alarm_IRQHandler                     0x080001b7   Thumb Code     0  startup_stm32f103xb.o(.text)
    RTC_IRQHandler                           0x080001b7   Thumb Code     0  startup_stm32f103xb.o(.text)
    SPI1_IRQHandler                          0x080001b7   Thumb Code     0  startup_stm32f103xb.o(.text)
    SPI2_IRQHandler                          0x080001b7   Thumb Code     0  startup_stm32f103xb.o(.text)
    TAMPER_IRQHandler                        0x080001b7   Thumb Code     0  startup_stm32f103xb.o(.text)
    TIM1_BRK_IRQHandler                      0x080001b7   Thumb Code     0  startup_stm32f103xb.o(.text)
    TIM1_CC_IRQHandler                       0x080001b7   Thumb Code     0  startup_stm32f103xb.o(.text)
    TIM1_TRG_COM_IRQHandler                  0x080001b7   Thumb Code     0  startup_stm32f103xb.o(.text)
    TIM4_IRQHandler                          0x080001b7   Thumb Code     0  startup_stm32f103xb.o(.text)
    USART3_IRQHandler                        0x080001b7   Thumb Code     0  startup_stm32f103xb.o(.text)
    USBWakeUp_IRQHandler                     0x080001b7   Thumb Code     0  startup_stm32f103xb.o(.text)
    USB_HP_CAN1_TX_IRQHandler                0x080001b7   Thumb Code     0  startup_stm32f103xb.o(.text)
    USB_LP_CAN1_RX0_IRQHandler               0x080001b7   Thumb Code     0  startup_stm32f103xb.o(.text)
    WWDG_IRQHandler                          0x080001b7   Thumb Code     0  startup_stm32f103xb.o(.text)
    __aeabi_llsr                             0x080001c1   Thumb Code    32  llushr.o(.text)
    _ll_ushift_r                             0x080001c1   Thumb Code     0  llushr.o(.text)
    __aeabi_memcpy                           0x080001e1   Thumb Code    36  memcpya.o(.text)
    __aeabi_memcpy4                          0x080001e1   Thumb Code     0  memcpya.o(.text)
    __aeabi_memcpy8                          0x080001e1   Thumb Code     0  memcpya.o(.text)
    __aeabi_memset                           0x08000205   Thumb Code    14  memseta.o(.text)
    __aeabi_memset4                          0x08000205   Thumb Code     0  memseta.o(.text)
    __aeabi_memset8                          0x08000205   Thumb Code     0  memseta.o(.text)
    __aeabi_memclr                           0x08000213   Thumb Code     4  memseta.o(.text)
    __aeabi_memclr4                          0x08000213   Thumb Code     0  memseta.o(.text)
    __aeabi_memclr8                          0x08000213   Thumb Code     0  memseta.o(.text)
    memset                                   0x08000217   Thumb Code    18  memseta.o(.text)
    strstr                                   0x08000229   Thumb Code    36  strstr.o(.text)
    strlen                                   0x0800024d   Thumb Code    14  strlen.o(.text)
    strcmp                                   0x0800025b   Thumb Code    28  strcmp.o(.text)
    strncmp                                  0x08000277   Thumb Code    30  strncmp.o(.text)
    __aeabi_fmul                             0x08000295   Thumb Code   100  fmul.o(.text)
    __aeabi_fdiv                             0x080002f9   Thumb Code   124  fdiv.o(.text)
    __aeabi_i2f                              0x08000375   Thumb Code    18  fflti.o(.text)
    __aeabi_ui2f                             0x08000387   Thumb Code    10  ffltui.o(.text)
    __aeabi_uidiv                            0x08000391   Thumb Code     0  uidiv.o(.text)
    __aeabi_uidivmod                         0x08000391   Thumb Code    44  uidiv.o(.text)
    __aeabi_uldivmod                         0x080003bd   Thumb Code    98  uldiv.o(.text)
    __I$use$fp                               0x0800041f   Thumb Code     0  iusefp.o(.text)
    _float_round                             0x0800041f   Thumb Code    18  fepilogue.o(.text)
    _float_epilogue                          0x08000431   Thumb Code    92  fepilogue.o(.text)
    __aeabi_dadd                             0x0800048d   Thumb Code   322  dadd.o(.text)
    __aeabi_dsub                             0x080005cf   Thumb Code     6  dadd.o(.text)
    __aeabi_drsub                            0x080005d5   Thumb Code     6  dadd.o(.text)
    __aeabi_dmul                             0x080005db   Thumb Code   228  dmul.o(.text)
    __aeabi_ddiv                             0x080006bf   Thumb Code   222  ddiv.o(.text)
    __aeabi_d2ulz                            0x0800079d   Thumb Code    48  dfixul.o(.text)
    __aeabi_cdrcmple                         0x080007cd   Thumb Code    48  cdrcmple.o(.text)
    __scatterload                            0x080007fd   Thumb Code    28  init.o(.text)
    __scatterload_rt2                        0x080007fd   Thumb Code     0  init.o(.text)
    __aeabi_llsl                             0x08000821   Thumb Code    30  llshl.o(.text)
    _ll_shift_l                              0x08000821   Thumb Code     0  llshl.o(.text)
    __aeabi_lasr                             0x0800083f   Thumb Code    36  llsshr.o(.text)
    _ll_sshift_r                             0x0800083f   Thumb Code     0  llsshr.o(.text)
    _double_round                            0x08000863   Thumb Code    30  depilogue.o(.text)
    _double_epilogue                         0x08000881   Thumb Code   156  depilogue.o(.text)
    __decompress                             0x0800091d   Thumb Code     0  __dczerorl2.o(.text)
    __decompress1                            0x0800091d   Thumb Code    86  __dczerorl2.o(.text)
    BusFault_Handler                         0x08000973   Thumb Code     2  stm32f1xx_it.o(i.BusFault_Handler)
    DMA1_Channel4_IRQHandler                 0x08000975   Thumb Code     6  stm32f1xx_it.o(i.DMA1_Channel4_IRQHandler)
    DMA1_Channel5_IRQHandler                 0x08000981   Thumb Code     6  stm32f1xx_it.o(i.DMA1_Channel5_IRQHandler)
    DMA1_Channel6_IRQHandler                 0x0800098d   Thumb Code     6  stm32f1xx_it.o(i.DMA1_Channel6_IRQHandler)
    DMA1_Channel7_IRQHandler                 0x08000999   Thumb Code     6  stm32f1xx_it.o(i.DMA1_Channel7_IRQHandler)
    DebugMon_Handler                         0x080009cf   Thumb Code     2  stm32f1xx_it.o(i.DebugMon_Handler)
    Error_Handler                            0x080009d1   Thumb Code     4  main.o(i.Error_Handler)
    HAL_CRC_Init                             0x080009d5   Thumb Code    34  stm32f1xx_hal_crc.o(i.HAL_CRC_Init)
    HAL_CRC_MspInit                          0x080009f9   Thumb Code    30  crc.o(i.HAL_CRC_MspInit)
    HAL_DMA_Abort                            0x08000a21   Thumb Code    70  stm32f1xx_hal_dma.o(i.HAL_DMA_Abort)
    HAL_DMA_Abort_IT                         0x08000a69   Thumb Code   148  stm32f1xx_hal_dma.o(i.HAL_DMA_Abort_IT)
    HAL_DMA_IRQHandler                       0x08000b01   Thumb Code   316  stm32f1xx_hal_dma.o(i.HAL_DMA_IRQHandler)
    HAL_DMA_Init                             0x08000c55   Thumb Code    84  stm32f1xx_hal_dma.o(i.HAL_DMA_Init)
    HAL_DMA_Start_IT                         0x08000cb1   Thumb Code   112  stm32f1xx_hal_dma.o(i.HAL_DMA_Start_IT)
    HAL_GPIO_Init                            0x08000d21   Thumb Code   446  stm32f1xx_hal_gpio.o(i.HAL_GPIO_Init)
    HAL_GPIO_TogglePin                       0x08000f01   Thumb Code    16  stm32f1xx_hal_gpio.o(i.HAL_GPIO_TogglePin)
    HAL_GPIO_WritePin                        0x08000f11   Thumb Code    10  stm32f1xx_hal_gpio.o(i.HAL_GPIO_WritePin)
    HAL_GetTick                              0x08000f1d   Thumb Code     6  stm32f1xx_hal.o(i.HAL_GetTick)
    HAL_I2C_Init                             0x08000f29   Thumb Code   376  stm32f1xx_hal_i2c.o(i.HAL_I2C_Init)
    HAL_I2C_MspInit                          0x080010b1   Thumb Code   148  i2c.o(i.HAL_I2C_MspInit)
    HAL_IncTick                              0x08001159   Thumb Code    12  stm32f1xx_hal.o(i.HAL_IncTick)
    HAL_Init                                 0x08001169   Thumb Code    32  stm32f1xx_hal.o(i.HAL_Init)
    HAL_InitTick                             0x0800118d   Thumb Code   118  stm32f1xx_hal_timebase_tim.o(i.HAL_InitTick)
    HAL_MspInit                              0x08001219   Thumb Code    62  stm32f1xx_hal_msp.o(i.HAL_MspInit)
    HAL_NVIC_EnableIRQ                       0x08001261   Thumb Code    26  stm32f1xx_hal_cortex.o(i.HAL_NVIC_EnableIRQ)
    HAL_NVIC_SetPriority                     0x0800127d   Thumb Code    60  stm32f1xx_hal_cortex.o(i.HAL_NVIC_SetPriority)
    HAL_NVIC_SetPriorityGrouping             0x080012bd   Thumb Code    26  stm32f1xx_hal_cortex.o(i.HAL_NVIC_SetPriorityGrouping)
    HAL_RCC_ClockConfig                      0x080012e1   Thumb Code   280  stm32f1xx_hal_rcc.o(i.HAL_RCC_ClockConfig)
    HAL_RCC_GetClockConfig                   0x0800140d   Thumb Code    54  stm32f1xx_hal_rcc.o(i.HAL_RCC_GetClockConfig)
    HAL_RCC_GetPCLK1Freq                     0x0800144d   Thumb Code    20  stm32f1xx_hal_rcc.o(i.HAL_RCC_GetPCLK1Freq)
    HAL_RCC_GetPCLK2Freq                     0x0800146d   Thumb Code    20  stm32f1xx_hal_rcc.o(i.HAL_RCC_GetPCLK2Freq)
    HAL_RCC_GetSysClockFreq                  0x0800148d   Thumb Code    58  stm32f1xx_hal_rcc.o(i.HAL_RCC_GetSysClockFreq)
    HAL_RCC_OscConfig                        0x080014d9   Thumb Code   778  stm32f1xx_hal_rcc.o(i.HAL_RCC_OscConfig)
    HAL_SPI_Init                             0x080017f9   Thumb Code   178  stm32f1xx_hal_spi.o(i.HAL_SPI_Init)
    HAL_SPI_MspInit                          0x080018ad   Thumb Code   154  spi.o(i.HAL_SPI_MspInit)
    HAL_TIMEx_BreakCallback                  0x0800195d   Thumb Code     2  stm32f1xx_hal_tim_ex.o(i.HAL_TIMEx_BreakCallback)
    HAL_TIMEx_CommutCallback                 0x0800195f   Thumb Code     2  stm32f1xx_hal_tim_ex.o(i.HAL_TIMEx_CommutCallback)
    HAL_TIMEx_MasterConfigSynchronization    0x08001961   Thumb Code    92  stm32f1xx_hal_tim_ex.o(i.HAL_TIMEx_MasterConfigSynchronization)
    HAL_TIM_Base_Init                        0x080019c9   Thumb Code    90  stm32f1xx_hal_tim.o(i.HAL_TIM_Base_Init)
    HAL_TIM_Base_MspInit                     0x08001a25   Thumb Code    86  tim.o(i.HAL_TIM_Base_MspInit)
    HAL_TIM_Base_Start_IT                    0x08001a85   Thumb Code    76  stm32f1xx_hal_tim.o(i.HAL_TIM_Base_Start_IT)
    HAL_TIM_ConfigClockSource                0x08001add   Thumb Code   220  stm32f1xx_hal_tim.o(i.HAL_TIM_ConfigClockSource)
    HAL_TIM_IC_CaptureCallback               0x08001bb9   Thumb Code     2  stm32f1xx_hal_tim.o(i.HAL_TIM_IC_CaptureCallback)
    HAL_TIM_IRQHandler                       0x08001bbb   Thumb Code   304  stm32f1xx_hal_tim.o(i.HAL_TIM_IRQHandler)
    HAL_TIM_MspPostInit                      0x08001ced   Thumb Code    62  tim.o(i.HAL_TIM_MspPostInit)
    HAL_TIM_OC_DelayElapsedCallback          0x08001d39   Thumb Code     2  stm32f1xx_hal_tim.o(i.HAL_TIM_OC_DelayElapsedCallback)
    HAL_TIM_PWM_ConfigChannel                0x08001d3b   Thumb Code   204  stm32f1xx_hal_tim.o(i.HAL_TIM_PWM_ConfigChannel)
    HAL_TIM_PWM_Init                         0x08001e07   Thumb Code    90  stm32f1xx_hal_tim.o(i.HAL_TIM_PWM_Init)
    HAL_TIM_PWM_MspInit                      0x08001e61   Thumb Code     2  stm32f1xx_hal_tim.o(i.HAL_TIM_PWM_MspInit)
    HAL_TIM_PWM_PulseFinishedCallback        0x08001e63   Thumb Code     2  stm32f1xx_hal_tim.o(i.HAL_TIM_PWM_PulseFinishedCallback)
    HAL_TIM_PeriodElapsedCallback            0x08001e65   Thumb Code    14  main.o(i.HAL_TIM_PeriodElapsedCallback)
    HAL_TIM_TriggerCallback                  0x08001e79   Thumb Code     2  stm32f1xx_hal_tim.o(i.HAL_TIM_TriggerCallback)
    HAL_UARTEx_ReceiveToIdle_DMA             0x08001e7b   Thumb Code    74  stm32f1xx_hal_uart.o(i.HAL_UARTEx_ReceiveToIdle_DMA)
    HAL_UARTEx_RxEventCallback               0x08001ec5   Thumb Code   124  button_motor.o(i.HAL_UARTEx_RxEventCallback)
    HAL_UART_ErrorCallback                   0x08001f4d   Thumb Code    34  self_def_message.o(i.HAL_UART_ErrorCallback)
    HAL_UART_IRQHandler                      0x08001f7d   Thumb Code   616  stm32f1xx_hal_uart.o(i.HAL_UART_IRQHandler)
    HAL_UART_Init                            0x080021e9   Thumb Code   100  stm32f1xx_hal_uart.o(i.HAL_UART_Init)
    HAL_UART_MspInit                         0x0800224d   Thumb Code   372  usart.o(i.HAL_UART_MspInit)
    HAL_UART_Receive                         0x080023d9   Thumb Code   176  stm32f1xx_hal_uart.o(i.HAL_UART_Receive)
    HAL_UART_RxCpltCallback                  0x08002489   Thumb Code     2  stm32f1xx_hal_uart.o(i.HAL_UART_RxCpltCallback)
    HAL_UART_RxHalfCpltCallback              0x0800248b   Thumb Code     2  stm32f1xx_hal_uart.o(i.HAL_UART_RxHalfCpltCallback)
    HAL_UART_Transmit                        0x0800248d   Thumb Code   160  stm32f1xx_hal_uart.o(i.HAL_UART_Transmit)
    HAL_UART_TxCpltCallback                  0x0800252d   Thumb Code     2  stm32f1xx_hal_uart.o(i.HAL_UART_TxCpltCallback)
    HardFault_Handler                        0x0800252f   Thumb Code     2  stm32f1xx_it.o(i.HardFault_Handler)
    IsRingBufferEmpty                        0x08002531   Thumb Code    20  ring_buffer.o(i.IsRingBufferEmpty)
    IsRingBufferFull                         0x08002545   Thumb Code    32  ring_buffer.o(i.IsRingBufferFull)
    MX_CRC_Init                              0x08002565   Thumb Code    28  crc.o(i.MX_CRC_Init)
    MX_DMA_Init                              0x08002589   Thumb Code    88  dma.o(i.MX_DMA_Init)
    MX_FREERTOS_Init                         0x080025e5   Thumb Code   184  freertos.o(i.MX_FREERTOS_Init)
    MX_GPIO_Init                             0x080026a5   Thumb Code   218  gpio.o(i.MX_GPIO_Init)
    MX_I2C1_Init                             0x08002791   Thumb Code    50  i2c.o(i.MX_I2C1_Init)
    MX_I2C2_Init                             0x080027d1   Thumb Code    50  i2c.o(i.MX_I2C2_Init)
    MX_SPI1_Init                             0x08002811   Thumb Code    54  spi.o(i.MX_SPI1_Init)
    MX_SPI2_Init                             0x08002851   Thumb Code    56  spi.o(i.MX_SPI2_Init)
    MX_TIM2_Init                             0x08002891   Thumb Code    98  tim.o(i.MX_TIM2_Init)
    MX_TIM3_Init                             0x080028f9   Thumb Code   142  tim.o(i.MX_TIM3_Init)
    MX_USART1_UART_Init                      0x08002991   Thumb Code    48  usart.o(i.MX_USART1_UART_Init)
    MX_USART2_UART_Init                      0x080029c9   Thumb Code    48  usart.o(i.MX_USART2_UART_Init)
    MemManage_Handler                        0x08002a01   Thumb Code     2  stm32f1xx_it.o(i.MemManage_Handler)
    NMI_Handler                              0x08002a03   Thumb Code     2  stm32f1xx_it.o(i.NMI_Handler)
    ReadOneByteFromRingBuffer                0x08002a05   Thumb Code    42  ring_buffer.o(i.ReadOneByteFromRingBuffer)
    ReadRingBuffer                           0x08002a2f   Thumb Code    30  ring_buffer.o(i.ReadRingBuffer)
    ShellInit                                0x08002a4d   Thumb Code    66  shell_port.o(i.ShellInit)
    StartDefaultTask                         0x08002ab5   Thumb Code     8  freertos.o(i.StartDefaultTask)
    SysTick_Handler                          0x08002abd   Thumb Code    38  port.o(i.SysTick_Handler)
    SystemClock_Config                       0x08002ae9   Thumb Code    94  main.o(i.SystemClock_Config)
    SystemInit                               0x08002b47   Thumb Code     2  system_stm32f1xx.o(i.SystemInit)
    TIM1_UP_IRQHandler                       0x08002b49   Thumb Code     6  stm32f1xx_it.o(i.TIM1_UP_IRQHandler)
    TIM2_IRQHandler                          0x08002b55   Thumb Code     6  stm32f1xx_it.o(i.TIM2_IRQHandler)
    TIM3_IRQHandler                          0x08002b61   Thumb Code     6  stm32f1xx_it.o(i.TIM3_IRQHandler)
    TIM_Base_SetConfig                       0x08002b6d   Thumb Code   108  stm32f1xx_hal_tim.o(i.TIM_Base_SetConfig)
    TIM_ETR_SetConfig                        0x08002be5   Thumb Code    20  stm32f1xx_hal_tim.o(i.TIM_ETR_SetConfig)
    TIM_OC2_SetConfig                        0x08002c59   Thumb Code    84  stm32f1xx_hal_tim.o(i.TIM_OC2_SetConfig)
    UART_Start_Receive_DMA                   0x08003075   Thumb Code   130  stm32f1xx_hal_uart.o(i.UART_Start_Receive_DMA)
    USART1_IRQHandler                        0x08003179   Thumb Code    20  stm32f1xx_it.o(i.USART1_IRQHandler)
    USART2_IRQHandler                        0x08003195   Thumb Code    20  stm32f1xx_it.o(i.USART2_IRQHandler)
    Uart_Idle_rcDMA                          0x080031b1   Thumb Code    24  bsp_usart.o(i.Uart_Idle_rcDMA)
    UsageFault_Handler                       0x080031d1   Thumb Code     2  stm32f1xx_it.o(i.UsageFault_Handler)
    User_rx_Callback                         0x080031d5   Thumb Code    54  button_motor.o(i.User_rx_Callback)
    WriteOneByteToRingBuffer                 0x08003211   Thumb Code    40  ring_buffer.o(i.WriteOneByteToRingBuffer)
    WriteRingBuffer                          0x08003239   Thumb Code    30  ring_buffer.o(i.WriteRingBuffer)
    __0printf                                0x08003259   Thumb Code    22  printfa.o(i.__0printf)
    __1printf                                0x08003259   Thumb Code     0  printfa.o(i.__0printf)
    __2printf                                0x08003259   Thumb Code     0  printfa.o(i.__0printf)
    __c89printf                              0x08003259   Thumb Code     0  printfa.o(i.__0printf)
    printf                                   0x08003259   Thumb Code     0  printfa.o(i.__0printf)
    __0snprintf                              0x08003279   Thumb Code    48  printfa.o(i.__0snprintf)
    __1snprintf                              0x08003279   Thumb Code     0  printfa.o(i.__0snprintf)
    __2snprintf                              0x08003279   Thumb Code     0  printfa.o(i.__0snprintf)
    __c89snprintf                            0x08003279   Thumb Code     0  printfa.o(i.__0snprintf)
    snprintf                                 0x08003279   Thumb Code     0  printfa.o(i.__0snprintf)
    __0vsnprintf                             0x080032ad   Thumb Code    46  printfa.o(i.__0vsnprintf)
    __1vsnprintf                             0x080032ad   Thumb Code     0  printfa.o(i.__0vsnprintf)
    __2vsnprintf                             0x080032ad   Thumb Code     0  printfa.o(i.__0vsnprintf)
    __c89vsnprintf                           0x080032ad   Thumb Code     0  printfa.o(i.__0vsnprintf)
    vsnprintf                                0x080032ad   Thumb Code     0  printfa.o(i.__0vsnprintf)
    __scatterload_copy                       0x08003301   Thumb Code    14  handlers.o(i.__scatterload_copy)
    __scatterload_null                       0x0800330f   Thumb Code     2  handlers.o(i.__scatterload_null)
    __scatterload_zeroinit                   0x08003311   Thumb Code    14  handlers.o(i.__scatterload_zeroinit)
    button_task                              0x08003d75   Thumb Code    22  button_motor.o(i.button_task)
    button_ticks                             0x08003d8d   Thumb Code    22  multi_button.o(i.button_ticks)
    buzzer_task                              0x08003da9   Thumb Code   120  button_motor.o(i.buzzer_task)
    elog_get_filter_tag_lvl                  0x08003e31   Thumb Code   130  elog.o(i.elog_get_filter_tag_lvl)
    elog_output                              0x08003f1d   Thumb Code   756  elog.o(i.elog_output)
    elog_output_lock                         0x080042b1   Thumb Code    28  elog.o(i.elog_output_lock)
    elog_output_unlock                       0x080042d1   Thumb Code    28  elog.o(i.elog_output_unlock)
    elog_port_get_p_info                     0x080042f1   Thumb Code     4  elog_port.o(i.elog_port_get_p_info)
    elog_port_get_t_info                     0x080042f9   Thumb Code    26  elog_port.o(i.elog_port_get_t_info)
    elog_port_get_time                       0x08004319   Thumb Code    46  elog_port.o(i.elog_port_get_time)
    elog_port_output                         0x08004355   Thumb Code     8  elog_port.o(i.elog_port_output)
    elog_port_output_lock                    0x08004365   Thumb Code    18  elog_port.o(i.elog_port_output_lock)
    elog_port_output_unlock                  0x0800437d   Thumb Code    20  elog_port.o(i.elog_port_output_unlock)
    elog_strcpy                              0x08004395   Thumb Code   146  elog_utils.o(i.elog_strcpy)
    fputc                                    0x08004485   Thumb Code    20  main.o(i.fputc)
    func                                     0x0800449d   Thumb Code     6  main.o(i.func)
    led1_task                                0x080045ad   Thumb Code    44  button_motor.o(i.led1_task)
    led2_task                                0x0800461d   Thumb Code    44  button_motor.o(i.led2_task)
    led3_task                                0x0800468d   Thumb Code    40  button_motor.o(i.led3_task)
    main                                     0x080046f9   Thumb Code    90  main.o(i.main)
    osDelay                                  0x08004775   Thumb Code    14  cmsis_os.o(i.osDelay)
    osKernelStart                            0x08004783   Thumb Code    10  cmsis_os.o(i.osKernelStart)
    osMessageCreate                          0x0800478d   Thumb Code    38  cmsis_os.o(i.osMessageCreate)
    osThreadCreate                           0x080047b3   Thumb Code    84  cmsis_os.o(i.osThreadCreate)
    osThreadResume                           0x08004809   Thumb Code    46  cmsis_os.o(i.osThreadResume)
    osThreadSuspend                          0x0800483d   Thumb Code    10  cmsis_os.o(i.osThreadSuspend)
    pcTaskGetName                            0x08004849   Thumb Code    28  tasks.o(i.pcTaskGetName)
    pvPortMalloc                             0x08004d55   Thumb Code   216  heap_4.o(i.pvPortMalloc)
    pvTaskIncrementMutexHeldCount            0x08004e31   Thumb Code    18  tasks.o(i.pvTaskIncrementMutexHeldCount)
    pxPortInitialiseStack                    0x08004e49   Thumb Code    32  port.o(i.pxPortInitialiseStack)
    shellBackspace                           0x08004e6d   Thumb Code     6  shell.o(i.shellBackspace)
    shellCheckPermission                     0x08004e73   Thumb Code    48  shell.o(i.shellCheckPermission)
    shellClear                               0x08004ea5   Thumb Code    24  shell.o(i.shellClear)
    shellClearCommandLine                    0x08004ec1   Thumb Code    48  shell.o(i.shellClearCommandLine)
    shellCmds                                0x08004ef1   Thumb Code    20  shell.o(i.shellCmds)
    shellDelete                              0x08004f05   Thumb Code     8  shell.o(i.shellDelete)
    shellDeleteByte                          0x08004f0d   Thumb Code   214  shell.o(i.shellDeleteByte)
    shellDeleteCommandLine                   0x08004fe5   Thumb Code    24  shell.o(i.shellDeleteCommandLine)
    shellDown                                0x08005001   Thumb Code     8  shell.o(i.shellDown)
    shellEnter                               0x08005009   Thumb Code    20  shell.o(i.shellEnter)
    shellExec                                0x0800501d   Thumb Code   150  shell.o(i.shellExec)
    shellExtParsePara                        0x08005217   Thumb Code   184  shell_ext.o(i.shellExtParsePara)
    shellExtRun                              0x080052cf   Thumb Code   206  shell_ext.o(i.shellExtRun)
    shellGetCurrent                          0x080053d9   Thumb Code    36  shell.o(i.shellGetCurrent)
    shellGetVarValue                         0x08005401   Thumb Code    62  shell.o(i.shellGetVarValue)
    shellHandler                             0x08005441   Thumb Code   214  shell.o(i.shellHandler)
    shellHelp                                0x0800551d   Thumb Code    40  shell.o(i.shellHelp)
    shellInit                                0x08005645   Thumb Code   140  shell.o(i.shellInit)
    shellInsertByte                          0x080056e5   Thumb Code   230  shell.o(i.shellInsertByte)
    shellKeys                                0x080057d1   Thumb Code    20  shell.o(i.shellKeys)
    shellLeft                                0x080057e5   Thumb Code    32  shell.o(i.shellLeft)
    shellListCommand                         0x08005805   Thumb Code    72  shell.o(i.shellListCommand)
    shellListItem                            0x08005851   Thumb Code   228  shell.o(i.shellListItem)
    shellListKey                             0x08005945   Thumb Code    76  shell.o(i.shellListKey)
    shellListUser                            0x08005995   Thumb Code    76  shell.o(i.shellListUser)
    shellListVar                             0x080059e5   Thumb Code    74  shell.o(i.shellListVar)
    shellNormalInput                         0x08005a35   Thumb Code    16  shell.o(i.shellNormalInput)
    shellRight                               0x08005a45   Thumb Code    32  shell.o(i.shellRight)
    shellRunCommand                          0x08005a65   Thumb Code   186  shell.o(i.shellRunCommand)
    shellSeekCommand                         0x08005b21   Thumb Code   110  shell.o(i.shellSeekCommand)
    shellSetUser                             0x08005b91   Thumb Code    90  shell.o(i.shellSetUser)
    shellSetVar                              0x08005bf1   Thumb Code    82  shell.o(i.shellSetVar)
    shellSetVarValue                         0x08005c49   Thumb Code   108  shell.o(i.shellSetVarValue)
    shellSplit                               0x08005d69   Thumb Code   232  shell.o(i.shellSplit)
    shellTab                                 0x08005e91   Thumb Code   248  shell.o(i.shellTab)
    shellTask                                0x08005f8d   Thumb Code    32  shell.o(i.shellTask)
    shellToDec                               0x08005fad   Thumb Code    76  shell.o(i.shellToDec)
    shellToHex                               0x08005ff9   Thumb Code    42  shell.o(i.shellToHex)
    shellUp                                  0x08006023   Thumb Code     6  shell.o(i.shellUp)
    shellUsers                               0x08006029   Thumb Code    20  shell.o(i.shellUsers)
    shellVars                                0x0800603d   Thumb Code    20  shell.o(i.shellVars)
    shellWriteString                         0x08006185   Thumb Code    36  shell.o(i.shellWriteString)
    userShellLock                            0x080061a9   Thumb Code    18  shell_port.o(i.userShellLock)
    userShellRead                            0x080061c1   Thumb Code    26  shell_port.o(i.userShellRead)
    userShellUnlock                          0x080061e1   Thumb Code    20  shell_port.o(i.userShellUnlock)
    userShellWrite                           0x080061f9   Thumb Code    22  shell_port.o(i.userShellWrite)
    uxListRemove                             0x08006215   Thumb Code    38  list.o(i.uxListRemove)
    vApplicationGetIdleTaskMemory            0x0800623d   Thumb Code    16  freertos.o(i.vApplicationGetIdleTaskMemory)
    vListInitialise                          0x08006251   Thumb Code    22  list.o(i.vListInitialise)
    vListInitialiseItem                      0x08006267   Thumb Code     6  list.o(i.vListInitialiseItem)
    vListInsert                              0x0800626d   Thumb Code    48  list.o(i.vListInsert)
    vListInsertEnd                           0x0800629d   Thumb Code    24  list.o(i.vListInsertEnd)
    vPortEnterCritical                       0x080062b5   Thumb Code    54  port.o(i.vPortEnterCritical)
    vPortExitCritical                        0x080062f5   Thumb Code    34  port.o(i.vPortExitCritical)
    vPortFree                                0x0800631d   Thumb Code    94  heap_4.o(i.vPortFree)
    vPortSetupTimerInterrupt                 0x08006381   Thumb Code    32  port.o(i.vPortSetupTimerInterrupt)
    vPortValidateInterruptPriority           0x080063a5   Thumb Code    74  port.o(i.vPortValidateInterruptPriority)
    vTaskDelay                               0x080063f9   Thumb Code    66  tasks.o(i.vTaskDelay)
    vTaskDelayUntil                          0x08006445   Thumb Code   132  tasks.o(i.vTaskDelayUntil)
    vTaskInternalSetTimeOutState             0x080064d1   Thumb Code    12  tasks.o(i.vTaskInternalSetTimeOutState)
    vTaskMissedYield                         0x080064e1   Thumb Code     8  tasks.o(i.vTaskMissedYield)
    vTaskPlaceOnEventList                    0x080064ed   Thumb Code    44  tasks.o(i.vTaskPlaceOnEventList)
    vTaskPriorityDisinheritAfterTimeout      0x0800651d   Thumb Code   152  tasks.o(i.vTaskPriorityDisinheritAfterTimeout)
    vTaskResume                              0x080065bd   Thumb Code   112  tasks.o(i.vTaskResume)
    vTaskStartScheduler                      0x08006639   Thumb Code    90  tasks.o(i.vTaskStartScheduler)
    vTaskSuspend                             0x080066a5   Thumb Code   170  tasks.o(i.vTaskSuspend)
    vTaskSuspendAll                          0x08006761   Thumb Code    10  tasks.o(i.vTaskSuspendAll)
    vTaskSwitchContext                       0x08006771   Thumb Code    82  tasks.o(i.vTaskSwitchContext)
    xPortStartScheduler                      0x080067e5   Thumb Code   154  port.o(i.xPortStartScheduler)
    xQueueCreateMutex                        0x0800688d   Thumb Code    22  queue.o(i.xQueueCreateMutex)
    xQueueGenericCreate                      0x080068a3   Thumb Code    66  queue.o(i.xQueueGenericCreate)
    xQueueGenericCreateStatic                0x080068e5   Thumb Code   102  queue.o(i.xQueueGenericCreateStatic)
    xQueueGenericReset                       0x0800694d   Thumb Code   132  queue.o(i.xQueueGenericReset)
    xQueueGenericSend                        0x080069d5   Thumb Code   346  queue.o(i.xQueueGenericSend)
    xQueueGenericSendFromISR                 0x08006b35   Thumb Code   190  queue.o(i.xQueueGenericSendFromISR)
    xQueueReceive                            0x08006bf5   Thumb Code   308  queue.o(i.xQueueReceive)
    xQueueSemaphoreTake                      0x08006d2d   Thumb Code   372  queue.o(i.xQueueSemaphoreTake)
    xTaskCheckForTimeOut                     0x08006ea5   Thumb Code   112  tasks.o(i.xTaskCheckForTimeOut)
    xTaskCreate                              0x08006f19   Thumb Code    90  tasks.o(i.xTaskCreate)
    xTaskCreateStatic                        0x08006f73   Thumb Code    86  tasks.o(i.xTaskCreateStatic)
    xTaskGetCurrentTaskHandle                0x08006fc9   Thumb Code     6  tasks.o(i.xTaskGetCurrentTaskHandle)
    xTaskGetSchedulerState                   0x08006fd5   Thumb Code    22  tasks.o(i.xTaskGetSchedulerState)
    xTaskGetTickCount                        0x08006ff1   Thumb Code     6  tasks.o(i.xTaskGetTickCount)
    xTaskIncrementTick                       0x08006ffd   Thumb Code   194  tasks.o(i.xTaskIncrementTick)
    xTaskPriorityDisinherit                  0x080070c9   Thumb Code   144  tasks.o(i.xTaskPriorityDisinherit)
    xTaskPriorityInherit                     0x08007161   Thumb Code   130  tasks.o(i.xTaskPriorityInherit)
    xTaskRemoveFromEventList                 0x080071ed   Thumb Code   106  tasks.o(i.xTaskRemoveFromEventList)
    xTaskResumeAll                           0x08007265   Thumb Code   182  tasks.o(i.xTaskResumeAll)
    xTaskResumeFromISR                       0x08007329   Thumb Code   126  tasks.o(i.xTaskResumeFromISR)
    shellCmdtemp                             0x080073b4   Data           5  main.o(.constdata)
    shellDesctemp                            0x080073b9   Data          13  main.o(.constdata)
    shellCmdfunc                             0x080073c6   Data           5  main.o(.constdata)
    shellDescfunc                            0x080073cb   Data           5  main.o(.constdata)
    AHBPrescTable                            0x080074b6   Data          16  system_stm32f1xx.o(.constdata)
    APBPrescTable                            0x080074c6   Data           8  system_stm32f1xx.o(.constdata)
    shellCmdDefaultUser                      0x080075f1   Data           7  shell.o(.constdata)
    shellPasswordDefaultUser                 0x080075f8   Data           1  shell.o(.constdata)
    shellDesDefaultUser                      0x080075f9   Data          13  shell.o(.constdata)
    shellCmdsetVar                           0x08007606   Data           7  shell.o(.constdata)
    shellDescsetVar                          0x0800760d   Data           8  shell.o(.constdata)
    shellDesc0x1B5B4100                      0x08007615   Data           3  shell.o(.constdata)
    shellDesc0x1B5B4200                      0x08007618   Data           5  shell.o(.constdata)
    shellDesc0x1B5B4300                      0x0800761d   Data           6  shell.o(.constdata)
    shellDesc0x1B5B4400                      0x08007623   Data           5  shell.o(.constdata)
    shellDesc0x09000000                      0x08007628   Data           4  shell.o(.constdata)
    shellDesc0x08000000                      0x0800762c   Data          10  shell.o(.constdata)
    shellDesc0x7F000000                      0x08007636   Data          10  shell.o(.constdata)
    shellDesc0x1B5B337E                      0x08007640   Data           7  shell.o(.constdata)
    shellDesc0x0A000000                      0x08007647   Data           6  shell.o(.constdata)
    shellDesc0x0D000000                      0x0800764d   Data           6  shell.o(.constdata)
    shellCmdhelp                             0x08007653   Data           5  shell.o(.constdata)
    shellDeschelp                            0x08007658   Data          30  shell.o(.constdata)
    shellCmdusers                            0x08007676   Data           6  shell.o(.constdata)
    shellDescusers                           0x0800767c   Data          14  shell.o(.constdata)
    shellCmdcmds                             0x0800768a   Data           5  shell.o(.constdata)
    shellDesccmds                            0x0800768f   Data          13  shell.o(.constdata)
    shellCmdvars                             0x0800769c   Data           5  shell.o(.constdata)
    shellDescvars                            0x080076a1   Data          13  shell.o(.constdata)
    shellCmdkeys                             0x080076ae   Data           5  shell.o(.constdata)
    shellDesckeys                            0x080076b3   Data          13  shell.o(.constdata)
    shellCmdclear                            0x080076c0   Data           6  shell.o(.constdata)
    shellDescclear                           0x080076c6   Data          14  shell.o(.constdata)
    Region$$Table$$Base                      0x08007a14   Number         0  anon$$obj.o(Region$$Table)
    Region$$Table$$Limit                     0x08007a34   Number         0  anon$$obj.o(Region$$Table)
    shellCommand$$Base                       0x08007a34   Number         0  main.o(shellCommand)
    shellVartemp                             0x08007a34   Data          16  main.o(shellCommand)
    shellCommandfunc                         0x08007a44   Data          16  main.o(shellCommand)
    shellUserDefault                         0x08007a54   Data          16  shell.o(shellCommand)
    shellCommandsetVar                       0x08007a64   Data          16  shell.o(shellCommand)
    shellKey0x1B5B4100                       0x08007a74   Data          16  shell.o(shellCommand)
    shellKey0x1B5B4200                       0x08007a84   Data          16  shell.o(shellCommand)
    shellKey0x1B5B4300                       0x08007a94   Data          16  shell.o(shellCommand)
    shellKey0x1B5B4400                       0x08007aa4   Data          16  shell.o(shellCommand)
    shellKey0x09000000                       0x08007ab4   Data          16  shell.o(shellCommand)
    shellKey0x08000000                       0x08007ac4   Data          16  shell.o(shellCommand)
    shellKey0x7F000000                       0x08007ad4   Data          16  shell.o(shellCommand)
    shellKey0x1B5B337E                       0x08007ae4   Data          16  shell.o(shellCommand)
    shellKey0x0A000000                       0x08007af4   Data          16  shell.o(shellCommand)
    shellKey0x0D000000                       0x08007b04   Data          16  shell.o(shellCommand)
    shellCommandhelp                         0x08007b14   Data          16  shell.o(shellCommand)
    shellCommandusers                        0x08007b24   Data          16  shell.o(shellCommand)
    shellCommandcmds                         0x08007b34   Data          16  shell.o(shellCommand)
    shellCommandvars                         0x08007b44   Data          16  shell.o(shellCommand)
    shellCommandkeys                         0x08007b54   Data          16  shell.o(shellCommand)
    shellCommandclear                        0x08007b64   Data          16  shell.o(shellCommand)
    shellCommand$$Limit                      0x08007b74   Number         0  shell.o(shellCommand)
    temp                                     0x20000004   Data           4  main.o(.data)
    defaultTaskHandle                        0x20000008   Data           4  freertos.o(.data)
    Buzzer_taskHandle                        0x2000000c   Data           4  freertos.o(.data)
    Button_taskHandle                        0x20000010   Data           4  freertos.o(.data)
    LED2_taskHandle                          0x20000014   Data           4  freertos.o(.data)
    LED3_taskHandle                          0x20000018   Data           4  freertos.o(.data)
    LED1_taskHandle                          0x2000001c   Data           4  freertos.o(.data)
    ShellTaskHandle                          0x20000020   Data           4  freertos.o(.data)
    queuekey1Handle                          0x20000024   Data           4  freertos.o(.data)
    hcrc                                     0x20000028   Data           8  crc.o(.data)
    uwTickFreq                               0x20000030   Data           1  stm32f1xx_hal.o(.data)
    uwTickPrio                               0x20000034   Data           4  stm32f1xx_hal.o(.data)
    uwTick                                   0x20000038   Data           4  stm32f1xx_hal.o(.data)
    SystemCoreClock                          0x2000003c   Data           4  system_stm32f1xx.o(.data)
    Uart_frame                               0x20000044   Data           8  self_def_message.o(.data)
    pxCurrentTCB                             0x2000004c   Data           4  tasks.o(.data)
    elog_assert_hook                         0x200000b4   Data           4  elog.o(.data)
    pairedChars                              0x200000ec   Data           2  shell.o(.data)
    __stdout                                 0x20000148   Data           4  stdout.o(.data)
    hi2c1                                    0x200003a8   Data          84  i2c.o(.bss)
    hi2c2                                    0x200003fc   Data          84  i2c.o(.bss)
    hspi1                                    0x20000450   Data          88  spi.o(.bss)
    hspi2                                    0x200004a8   Data          88  spi.o(.bss)
    htim2                                    0x20000500   Data          72  tim.o(.bss)
    htim3                                    0x20000548   Data          72  tim.o(.bss)
    huart1                                   0x20000590   Data          72  usart.o(.bss)
    huart2                                   0x200005d8   Data          72  usart.o(.bss)
    hdma_usart1_rx                           0x20000620   Data          68  usart.o(.bss)
    hdma_usart1_tx                           0x20000664   Data          68  usart.o(.bss)
    hdma_usart2_rx                           0x200006a8   Data          68  usart.o(.bss)
    hdma_usart2_tx                           0x200006ec   Data          68  usart.o(.bss)
    htim1                                    0x20000730   Data          72  stm32f1xx_hal_timebase_tim.o(.bss)
    frame1                                   0x20000778   Data         134  button_motor.o(.bss)
    Data1                                    0x200007fe   Data          18  button_motor.o(.bss)
    Ring_Buff                                0x20000810   Data          16  button_motor.o(.bss)
    ringbuff                                 0x20000820   Data         200  button_motor.o(.bss)
    button1                                  0x200008e8   Data          44  button_motor.o(.bss)
    button2                                  0x20000914   Data          44  button_motor.o(.bss)
    button3                                  0x20000940   Data          44  button_motor.o(.bss)
    button4                                  0x2000096c   Data          44  button_motor.o(.bss)
    button5                                  0x20000998   Data          44  button_motor.o(.bss)
    button6                                  0x200009c4   Data          44  button_motor.o(.bss)
    Usart_SendBuf                            0x200009f0   Data          64  self_def_message.o(.bss)
    DataBuff                                 0x20000a30   Data          64  self_def_message.o(.bss)
    shell                                    0x200020f8   Data         116  shell_port.o(.bss)
    shellBuffer                              0x2000216c   Data         512  shell_port.o(.bss)
    __initial_sp                             0x20002770   Data           0  startup_stm32f103xb.o(STACK)



==============================================================================

Memory Map of the image

  Image Entry point : 0x080000ed

  Load Region LR_IROM1 (Base: 0x08000000, Size: 0x00007cc0, Max: 0x00010000, ABSOLUTE, COMPRESSED[0x00007bf0])

    Execution Region ER_IROM1 (Exec base: 0x08000000, Load base: 0x08000000, Size: 0x00007b74, Max: 0x00010000, ABSOLUTE)

    Exec Addr    Load Addr    Size         Type   Attr      Idx    E Section Name        Object

    0x08000000   0x08000000   0x000000ec   Data   RO            3    RESET               startup_stm32f103xb.o
    0x080000ec   0x080000ec   0x00000000   Code   RO         6869  * .ARM.Collect$$$$00000000  mc_w.l(entry.o)
    0x080000ec   0x080000ec   0x00000004   Code   RO         7163    .ARM.Collect$$$$00000001  mc_w.l(entry2.o)
    0x080000f0   0x080000f0   0x00000004   Code   RO         7166    .ARM.Collect$$$$00000004  mc_w.l(entry5.o)
    0x080000f4   0x080000f4   0x00000000   Code   RO         7168    .ARM.Collect$$$$00000008  mc_w.l(entry7b.o)
    0x080000f4   0x080000f4   0x00000000   Code   RO         7170    .ARM.Collect$$$$0000000A  mc_w.l(entry8b.o)
    0x080000f4   0x080000f4   0x00000008   Code   RO         7171    .ARM.Collect$$$$0000000B  mc_w.l(entry9a.o)
    0x080000fc   0x080000fc   0x00000004   Code   RO         7178    .ARM.Collect$$$$0000000E  mc_w.l(entry12b.o)
    0x08000100   0x08000100   0x00000000   Code   RO         7173    .ARM.Collect$$$$0000000F  mc_w.l(entry10a.o)
    0x08000100   0x08000100   0x00000000   Code   RO         7175    .ARM.Collect$$$$00000011  mc_w.l(entry11a.o)
    0x08000100   0x08000100   0x00000004   Code   RO         7164    .ARM.Collect$$$$00002712  mc_w.l(entry2.o)
    0x08000104   0x08000104   0x00000096   Code   RO         6071    .emb_text           port.o
    0x0800019a   0x0800019a   0x00000002   PAD
    0x0800019c   0x0800019c   0x00000024   Code   RO            4    .text               startup_stm32f103xb.o
    0x080001c0   0x080001c0   0x00000020   Code   RO         6872    .text               mc_w.l(llushr.o)
    0x080001e0   0x080001e0   0x00000024   Code   RO         6874    .text               mc_w.l(memcpya.o)
    0x08000204   0x08000204   0x00000024   Code   RO         6878    .text               mc_w.l(memseta.o)
    0x08000228   0x08000228   0x00000024   Code   RO         6880    .text               mc_w.l(strstr.o)
    0x0800024c   0x0800024c   0x0000000e   Code   RO         6884    .text               mc_w.l(strlen.o)
    0x0800025a   0x0800025a   0x0000001c   Code   RO         6886    .text               mc_w.l(strcmp.o)
    0x08000276   0x08000276   0x0000001e   Code   RO         6890    .text               mc_w.l(strncmp.o)
    0x08000294   0x08000294   0x00000064   Code   RO         7155    .text               mf_w.l(fmul.o)
    0x080002f8   0x080002f8   0x0000007c   Code   RO         7157    .text               mf_w.l(fdiv.o)
    0x08000374   0x08000374   0x00000012   Code   RO         7159    .text               mf_w.l(fflti.o)
    0x08000386   0x08000386   0x0000000a   Code   RO         7161    .text               mf_w.l(ffltui.o)
    0x08000390   0x08000390   0x0000002c   Code   RO         7180    .text               mc_w.l(uidiv.o)
    0x080003bc   0x080003bc   0x00000062   Code   RO         7182    .text               mc_w.l(uldiv.o)
    0x0800041e   0x0800041e   0x00000000   Code   RO         7184    .text               mc_w.l(iusefp.o)
    0x0800041e   0x0800041e   0x0000006e   Code   RO         7185    .text               mf_w.l(fepilogue.o)
    0x0800048c   0x0800048c   0x0000014e   Code   RO         7187    .text               mf_w.l(dadd.o)
    0x080005da   0x080005da   0x000000e4   Code   RO         7189    .text               mf_w.l(dmul.o)
    0x080006be   0x080006be   0x000000de   Code   RO         7191    .text               mf_w.l(ddiv.o)
    0x0800079c   0x0800079c   0x00000030   Code   RO         7193    .text               mf_w.l(dfixul.o)
    0x080007cc   0x080007cc   0x00000030   Code   RO         7195    .text               mf_w.l(cdrcmple.o)
    0x080007fc   0x080007fc   0x00000024   Code   RO         7197    .text               mc_w.l(init.o)
    0x08000820   0x08000820   0x0000001e   Code   RO         7199    .text               mc_w.l(llshl.o)
    0x0800083e   0x0800083e   0x00000024   Code   RO         7201    .text               mc_w.l(llsshr.o)
    0x08000862   0x08000862   0x000000ba   Code   RO         7203    .text               mf_w.l(depilogue.o)
    0x0800091c   0x0800091c   0x00000056   Code   RO         7213    .text               mc_w.l(__dczerorl2.o)
    0x08000972   0x08000972   0x00000002   Code   RO          648    i.BusFault_Handler  stm32f1xx_it.o
    0x08000974   0x08000974   0x0000000c   Code   RO          649    i.DMA1_Channel4_IRQHandler  stm32f1xx_it.o
    0x08000980   0x08000980   0x0000000c   Code   RO          650    i.DMA1_Channel5_IRQHandler  stm32f1xx_it.o
    0x0800098c   0x0800098c   0x0000000c   Code   RO          651    i.DMA1_Channel6_IRQHandler  stm32f1xx_it.o
    0x08000998   0x08000998   0x0000000c   Code   RO          652    i.DMA1_Channel7_IRQHandler  stm32f1xx_it.o
    0x080009a4   0x080009a4   0x0000002a   Code   RO         1299    i.DMA_SetConfig     stm32f1xx_hal_dma.o
    0x080009ce   0x080009ce   0x00000002   Code   RO          653    i.DebugMon_Handler  stm32f1xx_it.o
    0x080009d0   0x080009d0   0x00000004   Code   RO           13    i.Error_Handler     main.o
    0x080009d4   0x080009d4   0x00000022   Code   RO          863    i.HAL_CRC_Init      stm32f1xx_hal_crc.o
    0x080009f6   0x080009f6   0x00000002   PAD
    0x080009f8   0x080009f8   0x00000028   Code   RO          385    i.HAL_CRC_MspInit   crc.o
    0x08000a20   0x08000a20   0x00000046   Code   RO         1300    i.HAL_DMA_Abort     stm32f1xx_hal_dma.o
    0x08000a66   0x08000a66   0x00000002   PAD
    0x08000a68   0x08000a68   0x00000098   Code   RO         1301    i.HAL_DMA_Abort_IT  stm32f1xx_hal_dma.o
    0x08000b00   0x08000b00   0x00000154   Code   RO         1305    i.HAL_DMA_IRQHandler  stm32f1xx_hal_dma.o
    0x08000c54   0x08000c54   0x0000005c   Code   RO         1306    i.HAL_DMA_Init      stm32f1xx_hal_dma.o
    0x08000cb0   0x08000cb0   0x00000070   Code   RO         1310    i.HAL_DMA_Start_IT  stm32f1xx_hal_dma.o
    0x08000d20   0x08000d20   0x000001e0   Code   RO         1236    i.HAL_GPIO_Init     stm32f1xx_hal_gpio.o
    0x08000f00   0x08000f00   0x00000010   Code   RO         1239    i.HAL_GPIO_TogglePin  stm32f1xx_hal_gpio.o
    0x08000f10   0x08000f10   0x0000000a   Code   RO         1240    i.HAL_GPIO_WritePin  stm32f1xx_hal_gpio.o
    0x08000f1a   0x08000f1a   0x00000002   PAD
    0x08000f1c   0x08000f1c   0x0000000c   Code   RO          930    i.HAL_GetTick       stm32f1xx_hal.o
    0x08000f28   0x08000f28   0x00000188   Code   RO         1907    i.HAL_I2C_Init      stm32f1xx_hal_i2c.o
    0x080010b0   0x080010b0   0x000000a8   Code   RO          451    i.HAL_I2C_MspInit   i2c.o
    0x08001158   0x08001158   0x00000010   Code   RO          936    i.HAL_IncTick       stm32f1xx_hal.o
    0x08001168   0x08001168   0x00000024   Code   RO          937    i.HAL_Init          stm32f1xx_hal.o
    0x0800118c   0x0800118c   0x0000008c   Code   RO          784    i.HAL_InitTick      stm32f1xx_hal_timebase_tim.o
    0x08001218   0x08001218   0x00000048   Code   RO          760    i.HAL_MspInit       stm32f1xx_hal_msp.o
    0x08001260   0x08001260   0x0000001a   Code   RO         1396    i.HAL_NVIC_EnableIRQ  stm32f1xx_hal_cortex.o
    0x0800127a   0x0800127a   0x00000002   PAD
    0x0800127c   0x0800127c   0x00000040   Code   RO         1402    i.HAL_NVIC_SetPriority  stm32f1xx_hal_cortex.o
    0x080012bc   0x080012bc   0x00000024   Code   RO         1403    i.HAL_NVIC_SetPriorityGrouping  stm32f1xx_hal_cortex.o
    0x080012e0   0x080012e0   0x0000012c   Code   RO         1094    i.HAL_RCC_ClockConfig  stm32f1xx_hal_rcc.o
    0x0800140c   0x0800140c   0x00000040   Code   RO         1098    i.HAL_RCC_GetClockConfig  stm32f1xx_hal_rcc.o
    0x0800144c   0x0800144c   0x00000020   Code   RO         1101    i.HAL_RCC_GetPCLK1Freq  stm32f1xx_hal_rcc.o
    0x0800146c   0x0800146c   0x00000020   Code   RO         1102    i.HAL_RCC_GetPCLK2Freq  stm32f1xx_hal_rcc.o
    0x0800148c   0x0800148c   0x0000004c   Code   RO         1103    i.HAL_RCC_GetSysClockFreq  stm32f1xx_hal_rcc.o
    0x080014d8   0x080014d8   0x00000320   Code   RO         1106    i.HAL_RCC_OscConfig  stm32f1xx_hal_rcc.o
    0x080017f8   0x080017f8   0x000000b2   Code   RO         2344    i.HAL_SPI_Init      stm32f1xx_hal_spi.o
    0x080018aa   0x080018aa   0x00000002   PAD
    0x080018ac   0x080018ac   0x000000b0   Code   RO          499    i.HAL_SPI_MspInit   spi.o
    0x0800195c   0x0800195c   0x00000002   Code   RO         3361    i.HAL_TIMEx_BreakCallback  stm32f1xx_hal_tim_ex.o
    0x0800195e   0x0800195e   0x00000002   Code   RO         3362    i.HAL_TIMEx_CommutCallback  stm32f1xx_hal_tim_ex.o
    0x08001960   0x08001960   0x00000068   Code   RO         3380    i.HAL_TIMEx_MasterConfigSynchronization  stm32f1xx_hal_tim_ex.o
    0x080019c8   0x080019c8   0x0000005a   Code   RO         2657    i.HAL_TIM_Base_Init  stm32f1xx_hal_tim.o
    0x08001a22   0x08001a22   0x00000002   PAD
    0x08001a24   0x08001a24   0x00000060   Code   RO          547    i.HAL_TIM_Base_MspInit  tim.o
    0x08001a84   0x08001a84   0x00000058   Code   RO         2662    i.HAL_TIM_Base_Start_IT  stm32f1xx_hal_tim.o
    0x08001adc   0x08001adc   0x000000dc   Code   RO         2666    i.HAL_TIM_ConfigClockSource  stm32f1xx_hal_tim.o
    0x08001bb8   0x08001bb8   0x00000002   Code   RO         2691    i.HAL_TIM_IC_CaptureCallback  stm32f1xx_hal_tim.o
    0x08001bba   0x08001bba   0x00000130   Code   RO         2705    i.HAL_TIM_IRQHandler  stm32f1xx_hal_tim.o
    0x08001cea   0x08001cea   0x00000002   PAD
    0x08001cec   0x08001cec   0x0000004c   Code   RO          548    i.HAL_TIM_MspPostInit  tim.o
    0x08001d38   0x08001d38   0x00000002   Code   RO         2708    i.HAL_TIM_OC_DelayElapsedCallback  stm32f1xx_hal_tim.o
    0x08001d3a   0x08001d3a   0x000000cc   Code   RO         2729    i.HAL_TIM_PWM_ConfigChannel  stm32f1xx_hal_tim.o
    0x08001e06   0x08001e06   0x0000005a   Code   RO         2732    i.HAL_TIM_PWM_Init  stm32f1xx_hal_tim.o
    0x08001e60   0x08001e60   0x00000002   Code   RO         2734    i.HAL_TIM_PWM_MspInit  stm32f1xx_hal_tim.o
    0x08001e62   0x08001e62   0x00000002   Code   RO         2735    i.HAL_TIM_PWM_PulseFinishedCallback  stm32f1xx_hal_tim.o
    0x08001e64   0x08001e64   0x00000014   Code   RO           14    i.HAL_TIM_PeriodElapsedCallback  main.o
    0x08001e78   0x08001e78   0x00000002   Code   RO         2748    i.HAL_TIM_TriggerCallback  stm32f1xx_hal_tim.o
    0x08001e7a   0x08001e7a   0x0000004a   Code   RO         3638    i.HAL_UARTEx_ReceiveToIdle_DMA  stm32f1xx_hal_uart.o
    0x08001ec4   0x08001ec4   0x00000088   Code   RO         4030    i.HAL_UARTEx_RxEventCallback  button_motor.o
    0x08001f4c   0x08001f4c   0x00000030   Code   RO         4525    i.HAL_UART_ErrorCallback  self_def_message.o
    0x08001f7c   0x08001f7c   0x0000026c   Code   RO         3657    i.HAL_UART_IRQHandler  stm32f1xx_hal_uart.o
    0x080021e8   0x080021e8   0x00000064   Code   RO         3658    i.HAL_UART_Init     stm32f1xx_hal_uart.o
    0x0800224c   0x0800224c   0x0000018c   Code   RO          601    i.HAL_UART_MspInit  usart.o
    0x080023d8   0x080023d8   0x000000b0   Code   RO         3661    i.HAL_UART_Receive  stm32f1xx_hal_uart.o
    0x08002488   0x08002488   0x00000002   Code   RO         3664    i.HAL_UART_RxCpltCallback  stm32f1xx_hal_uart.o
    0x0800248a   0x0800248a   0x00000002   Code   RO         3665    i.HAL_UART_RxHalfCpltCallback  stm32f1xx_hal_uart.o
    0x0800248c   0x0800248c   0x000000a0   Code   RO         3666    i.HAL_UART_Transmit  stm32f1xx_hal_uart.o
    0x0800252c   0x0800252c   0x00000002   Code   RO         3669    i.HAL_UART_TxCpltCallback  stm32f1xx_hal_uart.o
    0x0800252e   0x0800252e   0x00000002   Code   RO          654    i.HardFault_Handler  stm32f1xx_it.o
    0x08002530   0x08002530   0x00000014   Code   RO         4459    i.IsRingBufferEmpty  ring_buffer.o
    0x08002544   0x08002544   0x00000020   Code   RO         4460    i.IsRingBufferFull  ring_buffer.o
    0x08002564   0x08002564   0x00000024   Code   RO          386    i.MX_CRC_Init       crc.o
    0x08002588   0x08002588   0x0000005c   Code   RO          426    i.MX_DMA_Init       dma.o
    0x080025e4   0x080025e4   0x000000c0   Code   RO          334    i.MX_FREERTOS_Init  freertos.o
    0x080026a4   0x080026a4   0x000000ec   Code   RO          310    i.MX_GPIO_Init      gpio.o
    0x08002790   0x08002790   0x00000040   Code   RO          452    i.MX_I2C1_Init      i2c.o
    0x080027d0   0x080027d0   0x00000040   Code   RO          453    i.MX_I2C2_Init      i2c.o
    0x08002810   0x08002810   0x00000040   Code   RO          500    i.MX_SPI1_Init      spi.o
    0x08002850   0x08002850   0x00000040   Code   RO          501    i.MX_SPI2_Init      spi.o
    0x08002890   0x08002890   0x00000068   Code   RO          549    i.MX_TIM2_Init      tim.o
    0x080028f8   0x080028f8   0x00000098   Code   RO          550    i.MX_TIM3_Init      tim.o
    0x08002990   0x08002990   0x00000038   Code   RO          602    i.MX_USART1_UART_Init  usart.o
    0x080029c8   0x080029c8   0x00000038   Code   RO          603    i.MX_USART2_UART_Init  usart.o
    0x08002a00   0x08002a00   0x00000002   Code   RO          655    i.MemManage_Handler  stm32f1xx_it.o
    0x08002a02   0x08002a02   0x00000002   Code   RO          656    i.NMI_Handler       stm32f1xx_it.o
    0x08002a04   0x08002a04   0x0000002a   Code   RO         4461    i.ReadOneByteFromRingBuffer  ring_buffer.o
    0x08002a2e   0x08002a2e   0x0000001e   Code   RO         4462    i.ReadRingBuffer    ring_buffer.o
    0x08002a4c   0x08002a4c   0x00000068   Code   RO         6817    i.ShellInit         shell_port.o
    0x08002ab4   0x08002ab4   0x00000008   Code   RO          335    i.StartDefaultTask  freertos.o
    0x08002abc   0x08002abc   0x0000002c   Code   RO         6072    i.SysTick_Handler   port.o
    0x08002ae8   0x08002ae8   0x0000005e   Code   RO           15    i.SystemClock_Config  main.o
    0x08002b46   0x08002b46   0x00000002   Code   RO         3992    i.SystemInit        system_stm32f1xx.o
    0x08002b48   0x08002b48   0x0000000c   Code   RO          657    i.TIM1_UP_IRQHandler  stm32f1xx_it.o
    0x08002b54   0x08002b54   0x0000000c   Code   RO          658    i.TIM2_IRQHandler   stm32f1xx_it.o
    0x08002b60   0x08002b60   0x0000000c   Code   RO          659    i.TIM3_IRQHandler   stm32f1xx_it.o
    0x08002b6c   0x08002b6c   0x00000078   Code   RO         2750    i.TIM_Base_SetConfig  stm32f1xx_hal_tim.o
    0x08002be4   0x08002be4   0x00000014   Code   RO         2761    i.TIM_ETR_SetConfig  stm32f1xx_hal_tim.o
    0x08002bf8   0x08002bf8   0x00000010   Code   RO         2762    i.TIM_ITRx_SetConfig  stm32f1xx_hal_tim.o
    0x08002c08   0x08002c08   0x00000050   Code   RO         2763    i.TIM_OC1_SetConfig  stm32f1xx_hal_tim.o
    0x08002c58   0x08002c58   0x00000058   Code   RO         2764    i.TIM_OC2_SetConfig  stm32f1xx_hal_tim.o
    0x08002cb0   0x08002cb0   0x00000058   Code   RO         2765    i.TIM_OC3_SetConfig  stm32f1xx_hal_tim.o
    0x08002d08   0x08002d08   0x00000044   Code   RO         2766    i.TIM_OC4_SetConfig  stm32f1xx_hal_tim.o
    0x08002d4c   0x08002d4c   0x00000022   Code   RO         2768    i.TIM_TI1_ConfigInputStage  stm32f1xx_hal_tim.o
    0x08002d6e   0x08002d6e   0x00000024   Code   RO         2770    i.TIM_TI2_ConfigInputStage  stm32f1xx_hal_tim.o
    0x08002d92   0x08002d92   0x00000010   Code   RO         3671    i.UART_DMAAbortOnError  stm32f1xx_hal_uart.o
    0x08002da2   0x08002da2   0x0000004a   Code   RO         3672    i.UART_DMAError     stm32f1xx_hal_uart.o
    0x08002dec   0x08002dec   0x00000086   Code   RO         3673    i.UART_DMAReceiveCplt  stm32f1xx_hal_uart.o
    0x08002e72   0x08002e72   0x0000001e   Code   RO         3675    i.UART_DMARxHalfCplt  stm32f1xx_hal_uart.o
    0x08002e90   0x08002e90   0x0000004e   Code   RO         3681    i.UART_EndRxTransfer  stm32f1xx_hal_uart.o
    0x08002ede   0x08002ede   0x0000001c   Code   RO         3682    i.UART_EndTxTransfer  stm32f1xx_hal_uart.o
    0x08002efa   0x08002efa   0x000000c2   Code   RO         3683    i.UART_Receive_IT   stm32f1xx_hal_uart.o
    0x08002fbc   0x08002fbc   0x000000b8   Code   RO         3684    i.UART_SetConfig    stm32f1xx_hal_uart.o
    0x08003074   0x08003074   0x00000090   Code   RO         3685    i.UART_Start_Receive_DMA  stm32f1xx_hal_uart.o
    0x08003104   0x08003104   0x00000072   Code   RO         3687    i.UART_WaitOnFlagUntilTimeout  stm32f1xx_hal_uart.o
    0x08003176   0x08003176   0x00000002   PAD
    0x08003178   0x08003178   0x0000001c   Code   RO          660    i.USART1_IRQHandler  stm32f1xx_it.o
    0x08003194   0x08003194   0x0000001c   Code   RO          661    i.USART2_IRQHandler  stm32f1xx_it.o
    0x080031b0   0x080031b0   0x00000020   Code   RO         4692    i.Uart_Idle_rcDMA   bsp_usart.o
    0x080031d0   0x080031d0   0x00000002   Code   RO          662    i.UsageFault_Handler  stm32f1xx_it.o
    0x080031d2   0x080031d2   0x00000002   PAD
    0x080031d4   0x080031d4   0x0000003c   Code   RO         4032    i.User_rx_Callback  button_motor.o
    0x08003210   0x08003210   0x00000028   Code   RO         4464    i.WriteOneByteToRingBuffer  ring_buffer.o
    0x08003238   0x08003238   0x0000001e   Code   RO         4465    i.WriteRingBuffer   ring_buffer.o
    0x08003256   0x08003256   0x00000002   PAD
    0x08003258   0x08003258   0x00000020   Code   RO         7127    i.__0printf         mc_w.l(printfa.o)
    0x08003278   0x08003278   0x00000034   Code   RO         7128    i.__0snprintf       mc_w.l(printfa.o)
    0x080032ac   0x080032ac   0x00000034   Code   RO         7132    i.__0vsnprintf      mc_w.l(printfa.o)
    0x080032e0   0x080032e0   0x00000020   Code   RO         1409    i.__NVIC_SetPriority  stm32f1xx_hal_cortex.o
    0x08003300   0x08003300   0x0000000e   Code   RO         7207    i.__scatterload_copy  mc_w.l(handlers.o)
    0x0800330e   0x0800330e   0x00000002   Code   RO         7208    i.__scatterload_null  mc_w.l(handlers.o)
    0x08003310   0x08003310   0x0000000e   Code   RO         7209    i.__scatterload_zeroinit  mc_w.l(handlers.o)
    0x0800331e   0x0800331e   0x00000002   PAD
    0x08003320   0x08003320   0x00000184   Code   RO         7134    i._fp_digits        mc_w.l(printfa.o)
    0x080034a4   0x080034a4   0x000006b4   Code   RO         7135    i._printf_core      mc_w.l(printfa.o)
    0x08003b58   0x08003b58   0x00000024   Code   RO         7136    i._printf_post_padding  mc_w.l(printfa.o)
    0x08003b7c   0x08003b7c   0x0000002e   Code   RO         7137    i._printf_pre_padding  mc_w.l(printfa.o)
    0x08003baa   0x08003baa   0x00000016   Code   RO         7138    i._snputc           mc_w.l(printfa.o)
    0x08003bc0   0x08003bc0   0x000001b4   Code   RO         4212    i.button_handler    multi_button.o
    0x08003d74   0x08003d74   0x00000016   Code   RO         4039    i.button_task       button_motor.o
    0x08003d8a   0x08003d8a   0x00000002   PAD
    0x08003d8c   0x08003d8c   0x0000001c   Code   RO         4216    i.button_ticks      multi_button.o
    0x08003da8   0x08003da8   0x00000088   Code   RO         4040    i.buzzer_task       button_motor.o
    0x08003e30   0x08003e30   0x000000ec   Code   RO         6152    i.elog_get_filter_tag_lvl  elog.o
    0x08003f1c   0x08003f1c   0x00000394   Code   RO         6157    i.elog_output       elog.o
    0x080042b0   0x080042b0   0x00000020   Code   RO         6158    i.elog_output_lock  elog.o
    0x080042d0   0x080042d0   0x00000020   Code   RO         6160    i.elog_output_unlock  elog.o
    0x080042f0   0x080042f0   0x00000008   Code   RO         6351    i.elog_port_get_p_info  elog_port.o
    0x080042f8   0x080042f8   0x00000020   Code   RO         6352    i.elog_port_get_t_info  elog_port.o
    0x08004318   0x08004318   0x0000003c   Code   RO         6353    i.elog_port_get_time  elog_port.o
    0x08004354   0x08004354   0x00000010   Code   RO         6355    i.elog_port_output  elog_port.o
    0x08004364   0x08004364   0x00000018   Code   RO         6356    i.elog_port_output_lock  elog_port.o
    0x0800437c   0x0800437c   0x00000018   Code   RO         6357    i.elog_port_output_unlock  elog_port.o
    0x08004394   0x08004394   0x000000f0   Code   RO         6326    i.elog_strcpy       elog_utils.o
    0x08004484   0x08004484   0x00000018   Code   RO           17    i.fputc             main.o
    0x0800449c   0x0800449c   0x00000020   Code   RO           18    i.func              main.o
    0x080044bc   0x080044bc   0x000000c0   Code   RO         6172    i.get_fmt_enabled   elog.o
    0x0800457c   0x0800457c   0x00000012   Code   RO         6173    i.get_fmt_used_and_enabled_ptr  elog.o
    0x0800458e   0x0800458e   0x00000012   Code   RO         6174    i.get_fmt_used_and_enabled_u32  elog.o
    0x080045a0   0x080045a0   0x0000000c   Code   RO         5635    i.inHandlerMode     cmsis_os.o
    0x080045ac   0x080045ac   0x00000070   Code   RO         4041    i.led1_task         button_motor.o
    0x0800461c   0x0800461c   0x00000070   Code   RO         4042    i.led2_task         button_motor.o
    0x0800468c   0x0800468c   0x0000006c   Code   RO         4043    i.led3_task         button_motor.o
    0x080046f8   0x080046f8   0x00000070   Code   RO           19    i.main              main.o
    0x08004768   0x08004768   0x0000000c   Code   RO         5637    i.makeFreeRtosPriority  cmsis_os.o
    0x08004774   0x08004774   0x0000000e   Code   RO         5639    i.osDelay           cmsis_os.o
    0x08004782   0x08004782   0x0000000a   Code   RO         5642    i.osKernelStart     cmsis_os.o
    0x0800478c   0x0800478c   0x00000026   Code   RO         5651    i.osMessageCreate   cmsis_os.o
    0x080047b2   0x080047b2   0x00000054   Code   RO         5676    i.osThreadCreate    cmsis_os.o
    0x08004806   0x08004806   0x00000002   PAD
    0x08004808   0x08004808   0x00000034   Code   RO         5680    i.osThreadResume    cmsis_os.o
    0x0800483c   0x0800483c   0x0000000a   Code   RO         5683    i.osThreadSuspend   cmsis_os.o
    0x08004846   0x08004846   0x00000002   PAD
    0x08004848   0x08004848   0x00000020   Code   RO         5278    i.pcTaskGetName     tasks.o
    0x08004868   0x08004868   0x00000070   Code   RO         5279    i.prvAddCurrentTaskToDelayedList  tasks.o
    0x080048d8   0x080048d8   0x000000d0   Code   RO         5280    i.prvAddNewTaskToReadyList  tasks.o
    0x080049a8   0x080049a8   0x00000026   Code   RO         4897    i.prvCopyDataFromQueue  queue.o
    0x080049ce   0x080049ce   0x0000006c   Code   RO         4898    i.prvCopyDataToQueue  queue.o
    0x08004a3a   0x08004a3a   0x00000034   Code   RO         5281    i.prvDeleteTCB      tasks.o
    0x08004a6e   0x08004a6e   0x00000002   PAD
    0x08004a70   0x08004a70   0x00000048   Code   RO         6004    i.prvHeapInit       heap_4.o
    0x08004ab8   0x08004ab8   0x00000060   Code   RO         5282    i.prvIdleTask       tasks.o
    0x08004b18   0x08004b18   0x00000016   Code   RO         4899    i.prvInitialiseMutex  queue.o
    0x08004b2e   0x08004b2e   0x00000002   PAD
    0x08004b30   0x08004b30   0x00000022   Code   RO         4900    i.prvInitialiseNewQueue  queue.o
    0x08004b52   0x08004b52   0x00000002   PAD
    0x08004b54   0x08004b54   0x000000b0   Code   RO         5283    i.prvInitialiseNewTask  tasks.o
    0x08004c04   0x08004c04   0x0000004c   Code   RO         6005    i.prvInsertBlockIntoFreeList  heap_4.o
    0x08004c50   0x08004c50   0x0000001c   Code   RO         4901    i.prvIsQueueEmpty   queue.o
    0x08004c6c   0x08004c6c   0x00000020   Code   RO         5285    i.prvResetNextTaskUnblockTime  tasks.o
    0x08004c8c   0x08004c8c   0x00000028   Code   RO         6073    i.prvTaskExitError  port.o
    0x08004cb4   0x08004cb4   0x00000034   Code   RO         5286    i.prvTaskIsTaskSuspended  tasks.o
    0x08004ce8   0x08004ce8   0x0000006a   Code   RO         4902    i.prvUnlockQueue    queue.o
    0x08004d52   0x08004d52   0x00000002   PAD
    0x08004d54   0x08004d54   0x000000dc   Code   RO         6006    i.pvPortMalloc      heap_4.o
    0x08004e30   0x08004e30   0x00000018   Code   RO         5287    i.pvTaskIncrementMutexHeldCount  tasks.o
    0x08004e48   0x08004e48   0x00000024   Code   RO         6074    i.pxPortInitialiseStack  port.o
    0x08004e6c   0x08004e6c   0x00000006   Code   RO         6412    i.shellBackspace    shell.o
    0x08004e72   0x08004e72   0x00000030   Code   RO         6413    i.shellCheckPermission  shell.o
    0x08004ea2   0x08004ea2   0x00000002   PAD
    0x08004ea4   0x08004ea4   0x0000001c   Code   RO         6414    i.shellClear        shell.o
    0x08004ec0   0x08004ec0   0x00000030   Code   RO         6415    i.shellClearCommandLine  shell.o
    0x08004ef0   0x08004ef0   0x00000014   Code   RO         6416    i.shellCmds         shell.o
    0x08004f04   0x08004f04   0x00000008   Code   RO         6417    i.shellDelete       shell.o
    0x08004f0c   0x08004f0c   0x000000d6   Code   RO         6418    i.shellDeleteByte   shell.o
    0x08004fe2   0x08004fe2   0x00000002   PAD
    0x08004fe4   0x08004fe4   0x0000001c   Code   RO         6419    i.shellDeleteCommandLine  shell.o
    0x08005000   0x08005000   0x00000008   Code   RO         6420    i.shellDown         shell.o
    0x08005008   0x08005008   0x00000014   Code   RO         6421    i.shellEnter        shell.o
    0x0800501c   0x0800501c   0x000000a0   Code   RO         6422    i.shellExec         shell.o
    0x080050bc   0x080050bc   0x00000046   Code   RO         6786    i.shellExtParseChar  shell_ext.o
    0x08005102   0x08005102   0x00000002   PAD
    0x08005104   0x08005104   0x00000112   Code   RO         6787    i.shellExtParseNumber  shell_ext.o
    0x08005216   0x08005216   0x000000b8   Code   RO         6788    i.shellExtParsePara  shell_ext.o
    0x080052ce   0x080052ce   0x000000ce   Code   RO         6789    i.shellExtRun       shell_ext.o
    0x0800539c   0x0800539c   0x00000004   Code   RO         6423    i.shellGetCommandDesc  shell.o
    0x080053a0   0x080053a0   0x00000038   Code   RO         6424    i.shellGetCommandName  shell.o
    0x080053d8   0x080053d8   0x00000028   Code   RO         6425    i.shellGetCurrent   shell.o
    0x08005400   0x08005400   0x0000003e   Code   RO         6426    i.shellGetVarValue  shell.o
    0x0800543e   0x0800543e   0x00000002   PAD
    0x08005440   0x08005440   0x000000dc   Code   RO         6427    i.shellHandler      shell.o
    0x0800551c   0x0800551c   0x00000028   Code   RO         6428    i.shellHelp         shell.o
    0x08005544   0x08005544   0x00000098   Code   RO         6429    i.shellHistory      shell.o
    0x080055dc   0x080055dc   0x00000068   Code   RO         6430    i.shellHistoryAdd   shell.o
    0x08005644   0x08005644   0x000000a0   Code   RO         6431    i.shellInit         shell.o
    0x080056e4   0x080056e4   0x000000ec   Code   RO         6432    i.shellInsertByte   shell.o
    0x080057d0   0x080057d0   0x00000014   Code   RO         6433    i.shellKeys         shell.o
    0x080057e4   0x080057e4   0x00000020   Code   RO         6434    i.shellLeft         shell.o
    0x08005804   0x08005804   0x0000004c   Code   RO         6436    i.shellListCommand  shell.o
    0x08005850   0x08005850   0x000000f4   Code   RO         6437    i.shellListItem     shell.o
    0x08005944   0x08005944   0x00000050   Code   RO         6438    i.shellListKey      shell.o
    0x08005994   0x08005994   0x00000050   Code   RO         6439    i.shellListUser     shell.o
    0x080059e4   0x080059e4   0x00000050   Code   RO         6440    i.shellListVar      shell.o
    0x08005a34   0x08005a34   0x00000010   Code   RO         6441    i.shellNormalInput  shell.o
    0x08005a44   0x08005a44   0x00000020   Code   RO         6444    i.shellRight        shell.o
    0x08005a64   0x08005a64   0x000000ba   Code   RO         6446    i.shellRunCommand   shell.o
    0x08005b1e   0x08005b1e   0x00000002   PAD
    0x08005b20   0x08005b20   0x0000006e   Code   RO         6447    i.shellSeekCommand  shell.o
    0x08005b8e   0x08005b8e   0x00000002   PAD
    0x08005b90   0x08005b90   0x00000060   Code   RO         6448    i.shellSetUser      shell.o
    0x08005bf0   0x08005bf0   0x00000058   Code   RO         6449    i.shellSetVar       shell.o
    0x08005c48   0x08005c48   0x00000070   Code   RO         6450    i.shellSetVarValue  shell.o
    0x08005cb8   0x08005cb8   0x000000b0   Code   RO         6451    i.shellShowVar      shell.o
    0x08005d68   0x08005d68   0x000000ec   Code   RO         6452    i.shellSplit        shell.o
    0x08005e54   0x08005e54   0x00000024   Code   RO         6453    i.shellStringCompare  shell.o
    0x08005e78   0x08005e78   0x00000018   Code   RO         6454    i.shellStringCopy   shell.o
    0x08005e90   0x08005e90   0x000000fc   Code   RO         6455    i.shellTab          shell.o
    0x08005f8c   0x08005f8c   0x00000020   Code   RO         6456    i.shellTask         shell.o
    0x08005fac   0x08005fac   0x0000004c   Code   RO         6457    i.shellToDec        shell.o
    0x08005ff8   0x08005ff8   0x0000002a   Code   RO         6458    i.shellToHex        shell.o
    0x08006022   0x08006022   0x00000006   Code   RO         6459    i.shellUp           shell.o
    0x08006028   0x08006028   0x00000014   Code   RO         6460    i.shellUsers        shell.o
    0x0800603c   0x0800603c   0x00000014   Code   RO         6461    i.shellVars         shell.o
    0x08006050   0x08006050   0x00000058   Code   RO         6462    i.shellWriteCommandHelp  shell.o
    0x080060a8   0x080060a8   0x0000005c   Code   RO         6463    i.shellWritePrompt  shell.o
    0x08006104   0x08006104   0x00000080   Code   RO         6464    i.shellWriteReturnValue  shell.o
    0x08006184   0x08006184   0x00000024   Code   RO         6465    i.shellWriteString  shell.o
    0x080061a8   0x080061a8   0x00000018   Code   RO         6818    i.userShellLock     shell_port.o
    0x080061c0   0x080061c0   0x00000020   Code   RO         6819    i.userShellRead     shell_port.o
    0x080061e0   0x080061e0   0x00000018   Code   RO         6820    i.userShellUnlock   shell_port.o
    0x080061f8   0x080061f8   0x0000001c   Code   RO         6821    i.userShellWrite    shell_port.o
    0x08006214   0x08006214   0x00000026   Code   RO         4857    i.uxListRemove      list.o
    0x0800623a   0x0800623a   0x00000002   PAD
    0x0800623c   0x0800623c   0x00000014   Code   RO          336    i.vApplicationGetIdleTaskMemory  freertos.o
    0x08006250   0x08006250   0x00000016   Code   RO         4858    i.vListInitialise   list.o
    0x08006266   0x08006266   0x00000006   Code   RO         4859    i.vListInitialiseItem  list.o
    0x0800626c   0x0800626c   0x00000030   Code   RO         4860    i.vListInsert       list.o
    0x0800629c   0x0800629c   0x00000018   Code   RO         4861    i.vListInsertEnd    list.o
    0x080062b4   0x080062b4   0x00000040   Code   RO         6076    i.vPortEnterCritical  port.o
    0x080062f4   0x080062f4   0x00000028   Code   RO         6077    i.vPortExitCritical  port.o
    0x0800631c   0x0800631c   0x00000064   Code   RO         6007    i.vPortFree         heap_4.o
    0x08006380   0x08006380   0x00000024   Code   RO         6078    i.vPortSetupTimerInterrupt  port.o
    0x080063a4   0x080063a4   0x00000054   Code   RO         6079    i.vPortValidateInterruptPriority  port.o
    0x080063f8   0x080063f8   0x0000004c   Code   RO         5296    i.vTaskDelay        tasks.o
    0x08006444   0x08006444   0x0000008c   Code   RO         5297    i.vTaskDelayUntil   tasks.o
    0x080064d0   0x080064d0   0x00000010   Code   RO         5301    i.vTaskInternalSetTimeOutState  tasks.o
    0x080064e0   0x080064e0   0x0000000c   Code   RO         5302    i.vTaskMissedYield  tasks.o
    0x080064ec   0x080064ec   0x00000030   Code   RO         5304    i.vTaskPlaceOnEventList  tasks.o
    0x0800651c   0x0800651c   0x000000a0   Code   RO         5306    i.vTaskPriorityDisinheritAfterTimeout  tasks.o
    0x080065bc   0x080065bc   0x0000007c   Code   RO         5309    i.vTaskResume       tasks.o
    0x08006638   0x08006638   0x0000006c   Code   RO         5312    i.vTaskStartScheduler  tasks.o
    0x080066a4   0x080066a4   0x000000bc   Code   RO         5313    i.vTaskSuspend      tasks.o
    0x08006760   0x08006760   0x00000010   Code   RO         5314    i.vTaskSuspendAll   tasks.o
    0x08006770   0x08006770   0x0000005c   Code   RO         5315    i.vTaskSwitchContext  tasks.o
    0x080067cc   0x080067cc   0x00000018   Code   RO           20    i.vTaskTaskUserIF   main.o
    0x080067e4   0x080067e4   0x000000a8   Code   RO         6080    i.xPortStartScheduler  port.o
    0x0800688c   0x0800688c   0x00000016   Code   RO         4914    i.xQueueCreateMutex  queue.o
    0x080068a2   0x080068a2   0x00000042   Code   RO         4916    i.xQueueGenericCreate  queue.o
    0x080068e4   0x080068e4   0x00000066   Code   RO         4917    i.xQueueGenericCreateStatic  queue.o
    0x0800694a   0x0800694a   0x00000002   PAD
    0x0800694c   0x0800694c   0x00000088   Code   RO         4918    i.xQueueGenericReset  queue.o
    0x080069d4   0x080069d4   0x00000160   Code   RO         4919    i.xQueueGenericSend  queue.o
    0x08006b34   0x08006b34   0x000000be   Code   RO         4920    i.xQueueGenericSendFromISR  queue.o
    0x08006bf2   0x08006bf2   0x00000002   PAD
    0x08006bf4   0x08006bf4   0x00000138   Code   RO         4927    i.xQueueReceive     queue.o
    0x08006d2c   0x08006d2c   0x00000178   Code   RO         4929    i.xQueueSemaphoreTake  queue.o
    0x08006ea4   0x08006ea4   0x00000074   Code   RO         5317    i.xTaskCheckForTimeOut  tasks.o
    0x08006f18   0x08006f18   0x0000005a   Code   RO         5318    i.xTaskCreate       tasks.o
    0x08006f72   0x08006f72   0x00000056   Code   RO         5319    i.xTaskCreateStatic  tasks.o
    0x08006fc8   0x08006fc8   0x0000000c   Code   RO         5322    i.xTaskGetCurrentTaskHandle  tasks.o
    0x08006fd4   0x08006fd4   0x0000001c   Code   RO         5323    i.xTaskGetSchedulerState  tasks.o
    0x08006ff0   0x08006ff0   0x0000000c   Code   RO         5324    i.xTaskGetTickCount  tasks.o
    0x08006ffc   0x08006ffc   0x000000cc   Code   RO         5326    i.xTaskIncrementTick  tasks.o
    0x080070c8   0x080070c8   0x00000098   Code   RO         5329    i.xTaskPriorityDisinherit  tasks.o
    0x08007160   0x08007160   0x0000008c   Code   RO         5330    i.xTaskPriorityInherit  tasks.o
    0x080071ec   0x080071ec   0x00000078   Code   RO         5331    i.xTaskRemoveFromEventList  tasks.o
    0x08007264   0x08007264   0x000000c4   Code   RO         5332    i.xTaskResumeAll    tasks.o
    0x08007328   0x08007328   0x0000008c   Code   RO         5333    i.xTaskResumeFromISR  tasks.o
    0x080073b4   0x080073b4   0x00000005   Data   RO           21    .constdata          main.o
    0x080073b9   0x080073b9   0x0000000d   Data   RO           22    .constdata          main.o
    0x080073c6   0x080073c6   0x00000005   Data   RO           23    .constdata          main.o
    0x080073cb   0x080073cb   0x00000005   Data   RO           24    .constdata          main.o
    0x080073d0   0x080073d0   0x000000d4   Data   RO          338    .constdata          freertos.o
    0x080074a4   0x080074a4   0x00000012   Data   RO         1107    .constdata          stm32f1xx_hal_rcc.o
    0x080074b6   0x080074b6   0x00000010   Data   RO         3993    .constdata          system_stm32f1xx.o
    0x080074c6   0x080074c6   0x00000008   Data   RO         3994    .constdata          system_stm32f1xx.o
    0x080074ce   0x080074ce   0x0000001e   Data   RO         4045    .constdata          button_motor.o
    0x080074ec   0x080074ec   0x000000e2   Data   RO         6176    .constdata          elog.o
    0x080075ce   0x080075ce   0x00000023   Data   RO         6327    .constdata          elog_utils.o
    0x080075f1   0x080075f1   0x00000007   Data   RO         6467    .constdata          shell.o
    0x080075f8   0x080075f8   0x00000001   Data   RO         6468    .constdata          shell.o
    0x080075f9   0x080075f9   0x0000000d   Data   RO         6469    .constdata          shell.o
    0x08007606   0x08007606   0x00000007   Data   RO         6470    .constdata          shell.o
    0x0800760d   0x0800760d   0x00000008   Data   RO         6471    .constdata          shell.o
    0x08007615   0x08007615   0x00000003   Data   RO         6472    .constdata          shell.o
    0x08007618   0x08007618   0x00000005   Data   RO         6473    .constdata          shell.o
    0x0800761d   0x0800761d   0x00000006   Data   RO         6474    .constdata          shell.o
    0x08007623   0x08007623   0x00000005   Data   RO         6475    .constdata          shell.o
    0x08007628   0x08007628   0x00000004   Data   RO         6476    .constdata          shell.o
    0x0800762c   0x0800762c   0x0000000a   Data   RO         6477    .constdata          shell.o
    0x08007636   0x08007636   0x0000000a   Data   RO         6478    .constdata          shell.o
    0x08007640   0x08007640   0x00000007   Data   RO         6479    .constdata          shell.o
    0x08007647   0x08007647   0x00000006   Data   RO         6480    .constdata          shell.o
    0x0800764d   0x0800764d   0x00000006   Data   RO         6481    .constdata          shell.o
    0x08007653   0x08007653   0x00000005   Data   RO         6482    .constdata          shell.o
    0x08007658   0x08007658   0x0000001e   Data   RO         6483    .constdata          shell.o
    0x08007676   0x08007676   0x00000006   Data   RO         6484    .constdata          shell.o
    0x0800767c   0x0800767c   0x0000000e   Data   RO         6485    .constdata          shell.o
    0x0800768a   0x0800768a   0x00000005   Data   RO         6486    .constdata          shell.o
    0x0800768f   0x0800768f   0x0000000d   Data   RO         6487    .constdata          shell.o
    0x0800769c   0x0800769c   0x00000005   Data   RO         6488    .constdata          shell.o
    0x080076a1   0x080076a1   0x0000000d   Data   RO         6489    .constdata          shell.o
    0x080076ae   0x080076ae   0x00000005   Data   RO         6490    .constdata          shell.o
    0x080076b3   0x080076b3   0x0000000d   Data   RO         6491    .constdata          shell.o
    0x080076c0   0x080076c0   0x00000006   Data   RO         6492    .constdata          shell.o
    0x080076c6   0x080076c6   0x0000000e   Data   RO         6493    .constdata          shell.o
    0x080076d4   0x080076d4   0x00000054   Data   RO          339    .conststring        freertos.o
    0x08007728   0x08007728   0x00000047   Data   RO         6177    .conststring        elog.o
    0x0800776f   0x0800776f   0x00000001   PAD
    0x08007770   0x08007770   0x000002a1   Data   RO         6494    .conststring        shell.o
    0x08007a11   0x08007a11   0x00000003   PAD
    0x08007a14   0x08007a14   0x00000020   Data   RO         7205    Region$$Table       anon$$obj.o
    0x08007a34   0x08007a34   0x00000020   Data   RO           27    shellCommand        main.o
    0x08007a54   0x08007a54   0x00000120   Data   RO         6496    shellCommand        shell.o


    Execution Region RW_IRAM1 (Exec base: 0x20000000, Load base: 0x08007b74, Size: 0x00002770, Max: 0x00005000, ABSOLUTE, COMPRESSED[0x0000007c])

    Exec Addr    Load Addr    Size         Type   Attr      Idx    E Section Name        Object

    0x20000000   COMPRESSED   0x00000008   Data   RW           25    .data               main.o
    0x20000008   COMPRESSED   0x00000020   Data   RW          340    .data               freertos.o
    0x20000028   COMPRESSED   0x00000008   Data   RW          387    .data               crc.o
    0x20000030   COMPRESSED   0x0000000c   Data   RW          944    .data               stm32f1xx_hal.o
    0x2000003c   COMPRESSED   0x00000004   Data   RW         3995    .data               system_stm32f1xx.o
    0x20000040   COMPRESSED   0x00000004   Data   RW         4218    .data               multi_button.o
    0x20000044   COMPRESSED   0x00000008   Data   RW         4529    .data               self_def_message.o
    0x2000004c   COMPRESSED   0x0000003c   Data   RW         5335    .data               tasks.o
    0x20000088   COMPRESSED   0x00000020   Data   RW         6013    .data               heap_4.o
    0x200000a8   COMPRESSED   0x0000000c   Data   RW         6081    .data               port.o
    0x200000b4   COMPRESSED   0x00000034   Data   RW         6178    .data               elog.o
    0x200000e8   COMPRESSED   0x00000004   Data   RW         6359    .data               elog_port.o
    0x200000ec   COMPRESSED   0x00000058   Data   RW         6495    .data               shell.o
    0x20000144   COMPRESSED   0x00000004   Data   RW         6823    .data               shell_port.o
    0x20000148   COMPRESSED   0x00000004   Data   RW         7179    .data               mc_w.l(stdout.o)
    0x2000014c        -       0x0000025c   Zero   RW          337    .bss                freertos.o
    0x200003a8        -       0x000000a8   Zero   RW          454    .bss                i2c.o
    0x20000450        -       0x000000b0   Zero   RW          502    .bss                spi.o
    0x20000500        -       0x00000090   Zero   RW          551    .bss                tim.o
    0x20000590        -       0x000001a0   Zero   RW          604    .bss                usart.o
    0x20000730        -       0x00000048   Zero   RW          787    .bss                stm32f1xx_hal_timebase_tim.o
    0x20000778        -       0x00000278   Zero   RW         4044    .bss                button_motor.o
    0x200009f0        -       0x00000080   Zero   RW         4528    .bss                self_def_message.o
    0x20000a70        -       0x000002e4   Zero   RW         5334    .bss                tasks.o
    0x20000d54        -       0x0000117c   Zero   RW         6012    .bss                heap_4.o
    0x20001ed0        -       0x000001f8   Zero   RW         6175    .bss                elog.o
    0x200020c8        -       0x00000010   Zero   RW         6358    .bss                elog_port.o
    0x200020d8        -       0x0000001d   Zero   RW         6466    .bss                shell.o
    0x200020f5   COMPRESSED   0x00000003   PAD
    0x200020f8        -       0x00000274   Zero   RW         6822    .bss                shell_port.o
    0x2000236c   COMPRESSED   0x00000004   PAD
    0x20002370        -       0x00000400   Zero   RW            1    STACK               startup_stm32f103xb.o


==============================================================================

Image component sizes


      Code (inc. data)   RO Data    RW Data    ZI Data      Debug   Object Name

        32          8          0          0          0       1627   bsp_usart.o
       686        238         30          0        632      20089   button_motor.o
       232          6          0          0          0      29554   cmsis_os.o
        76         18          0          8          0       1559   crc.o
        92          4          0          0          0        814   dma.o
      1444        388        297         52        504      16422   elog.o
       164         42          0          4         16       3420   elog_port.o
       240         94         35          0          0       2753   elog_utils.o
         0          0          0          0          0      20236   event_groups.o
       220         12        296         32        604       3138   freertos.o
       236         18          0          0          0       1023   gpio.o
       468         22          0         32       4476       7435   heap_4.o
       296         48          0          0        168       2390   i2c.o
         0          0          0          0          0        952   key.o
       138          0          0          0          0       3482   list.o
       310         62         60          8          0     487884   main.o
       464         12          0          4          0       2003   multi_button.o
       662         70          0         12          0      11269   port.o
      1892         18          0          0          0      19440   queue.o
       194          0          0          0          0       4783   ring_buffer.o
        48         14          0          8        128       2417   self_def_message.o
      4178        230       1188         88         29      44799   shell.o
       734          8          0          0          0       5654   shell_ext.o
       212         60          0          4        628       3679   shell_port.o
       304         40          0          0        176       2386   spi.o
        36          8        236          0       1024        820   startup_stm32f103xb.o
        64         14          0         12          0       4734   stm32f1xx_hal.o
       158         14          0          0          0      28258   stm32f1xx_hal_cortex.o
        34          0          0          0          0       1071   stm32f1xx_hal_crc.o
       808         36          0          0          0       5098   stm32f1xx_hal_dma.o
       506         34          0          0          0       3569   stm32f1xx_hal_gpio.o
       392         16          0          0          0       3239   stm32f1xx_hal_i2c.o
        72         10          0          0          0        902   stm32f1xx_hal_msp.o
      1304         94         18          0          0       5849   stm32f1xx_hal_rcc.o
       178          0          0          0          0       1191   stm32f1xx_hal_spi.o
      1556         44          0          0          0      15058   stm32f1xx_hal_tim.o
       108         12          0          0          0       2465   stm32f1xx_hal_tim_ex.o
       140         22          0          0         72       1471   stm32f1xx_hal_timebase_tim.o
      2132         24          0          0          0      15147   stm32f1xx_hal_uart.o
       152         58          0          0          0       6878   stm32f1xx_it.o
         2          0         24          4          0       1167   system_stm32f1xx.o
      3060        254          0         60        740      34227   tasks.o
       428         40          0          0        144       3113   tim.o
       508         40          0          0        416       2847   usart.o

    ----------------------------------------------------------------------
     25014       2132       2220        328       9764     836312   Object Totals
         0          0         32          0          0          0   (incl. Generated)
        54          0          4          0          7          0   (incl. Padding)

    ----------------------------------------------------------------------

      Code (inc. data)   RO Data    RW Data    ZI Data      Debug   Library Member Name

        86          0          0          0          0          0   __dczerorl2.o
         0          0          0          0          0          0   entry.o
         0          0          0          0          0          0   entry10a.o
         0          0          0          0          0          0   entry11a.o
         4          0          0          0          0          0   entry12b.o
         8          4          0          0          0          0   entry2.o
         4          0          0          0          0          0   entry5.o
         0          0          0          0          0          0   entry7b.o
         0          0          0          0          0          0   entry8b.o
         8          4          0          0          0          0   entry9a.o
        30          0          0          0          0          0   handlers.o
        36          8          0          0          0         68   init.o
         0          0          0          0          0          0   iusefp.o
        30          0          0          0          0         68   llshl.o
        36          0          0          0          0         68   llsshr.o
        32          0          0          0          0         68   llushr.o
        36          0          0          0          0         68   memcpya.o
        36          0          0          0          0        108   memseta.o
      2344        100          0          0          0        700   printfa.o
         0          0          0          4          0          0   stdout.o
        28          0          0          0          0         76   strcmp.o
        14          0          0          0          0         68   strlen.o
        30          0          0          0          0         80   strncmp.o
        36          0          0          0          0         80   strstr.o
        44          0          0          0          0         80   uidiv.o
        98          0          0          0          0         92   uldiv.o
        48          0          0          0          0         68   cdrcmple.o
       334          0          0          0          0        148   dadd.o
       222          0          0          0          0        100   ddiv.o
       186          0          0          0          0        176   depilogue.o
        48          0          0          0          0         68   dfixul.o
       228          0          0          0          0         96   dmul.o
       124          0          0          0          0         88   fdiv.o
       110          0          0          0          0        168   fepilogue.o
        18          0          0          0          0         68   fflti.o
        10          0          0          0          0         68   ffltui.o
       100          0          0          0          0         76   fmul.o

    ----------------------------------------------------------------------
      4370        116          0          4          0       2748   Library Totals
         2          0          0          0          0          0   (incl. Padding)

    ----------------------------------------------------------------------

      Code (inc. data)   RO Data    RW Data    ZI Data      Debug   Library Name

      2940        116          0          4          0       1624   mc_w.l
      1428          0          0          0          0       1124   mf_w.l

    ----------------------------------------------------------------------
      4370        116          0          4          0       2748   Library Totals

    ----------------------------------------------------------------------

==============================================================================


      Code (inc. data)   RO Data    RW Data    ZI Data      Debug   

     29384       2248       2220        332       9764     823796   Grand Totals
     29384       2248       2220        124       9764     823796   ELF Image Totals (compressed)
     29384       2248       2220        124          0          0   ROM Totals

==============================================================================

    Total RO  Size (Code + RO Data)                31604 (  30.86kB)
    Total RW  Size (RW Data + ZI Data)             10096 (   9.86kB)
    Total ROM Size (Code + RO Data + RW Data)      31728 (  30.98kB)

==============================================================================

